Component: ARM Compiler 5.06 update 6 (build 750) Tool: armlink [4d35ed]

==============================================================================

Section Cross References

    stm32f10x_it.o(.text) refers to printfa.o(i.__0printf) for __2printf
    stm32f10x_it.o(.text) refers to stm32f10x_tim.o(.text) for TIM_ClearFlag
    stm32f10x_it.o(.text) refers to key.o(.data) for KEY_Sys_Timer
    stm32f10x_it.o(.text) refers to stm32f10x_it.o(.data) for sysbufer
    system_stm32f10x.o(.text) refers to system_stm32f10x.o(.data) for SystemCoreClock
    startup_stm32f10x_hd.o(RESET) refers to startup_stm32f10x_hd.o(STACK) for __initial_sp
    startup_stm32f10x_hd.o(RESET) refers to startup_stm32f10x_hd.o(.text) for Reset_Handler
    startup_stm32f10x_hd.o(RESET) refers to stm32f10x_it.o(.text) for NMI_Handler
    startup_stm32f10x_hd.o(RESET) refers to timer.o(.text) for TIM4_IRQHandler
    startup_stm32f10x_hd.o(RESET) refers to usart.o(.text) for USART1_IRQHandler
    startup_stm32f10x_hd.o(.text) refers to system_stm32f10x.o(.text) for SystemInit
    startup_stm32f10x_hd.o(.text) refers to entry.o(.ARM.Collect$$$$00000000) for __main
    stm32f10x_gpio.o(.text) refers to stm32f10x_rcc.o(.text) for RCC_APB2PeriphResetCmd
    stm32f10x_rcc.o(.text) refers to stm32f10x_rcc.o(.data) for APBAHBPrescTable
    stm32f10x_usart.o(.text) refers to stm32f10x_rcc.o(.text) for RCC_APB2PeriphResetCmd
    stm32f10x_adc.o(.text) refers to stm32f10x_rcc.o(.text) for RCC_APB2PeriphResetCmd
    stm32f10x_bkp.o(.text) refers to stm32f10x_rcc.o(.text) for RCC_BackupResetCmd
    stm32f10x_can.o(.text) refers to stm32f10x_rcc.o(.text) for RCC_APB1PeriphResetCmd
    stm32f10x_cec.o(.text) refers to stm32f10x_rcc.o(.text) for RCC_APB1PeriphResetCmd
    stm32f10x_dac.o(.text) refers to stm32f10x_rcc.o(.text) for RCC_APB1PeriphResetCmd
    stm32f10x_i2c.o(.text) refers to stm32f10x_rcc.o(.text) for RCC_APB1PeriphResetCmd
    stm32f10x_pwr.o(.text) refers to stm32f10x_rcc.o(.text) for RCC_APB1PeriphResetCmd
    stm32f10x_spi.o(.text) refers to stm32f10x_rcc.o(.text) for RCC_APB2PeriphResetCmd
    stm32f10x_tim.o(.text) refers to stm32f10x_rcc.o(.text) for RCC_APB2PeriphResetCmd
    stm32f10x_wwdg.o(.text) refers to stm32f10x_rcc.o(.text) for RCC_APB1PeriphResetCmd
    delay.o(.text) refers to delay.o(.data) for fac_us
    sys.o(.text) refers to printfa.o(i.__0sprintf) for __2sprintf
    sys.o(.text) refers to misc.o(.text) for NVIC_PriorityGroupConfig
    sys.o(.text) refers to sys.o(.emb_text) for WFI_SET
    usart.o(.text) refers to stm32f10x_rcc.o(.text) for RCC_APB2PeriphClockCmd
    usart.o(.text) refers to stm32f10x_gpio.o(.text) for GPIO_Init
    usart.o(.text) refers to misc.o(.text) for NVIC_Init
    usart.o(.text) refers to stm32f10x_usart.o(.text) for USART_Init
    usart.o(.text) refers to usart.o(.data) for USART_RX_STA
    usart.o(.text) refers to usart.o(.bss) for USART_RX_BUF
    main.o(.text) refers to sys.o(.text) for MY_NVIC_PriorityGroup_Config
    main.o(.text) refers to delay.o(.text) for delay_init
    main.o(.text) refers to led.o(.text) for LED_Init
    main.o(.text) refers to key.o(.text) for key_init
    main.o(.text) refers to usart.o(.text) for uart_init
    main.o(.text) refers to adc.o(.text) for adc_Init
    main.o(.text) refers to lcd.o(.text) for initial_lcd
    main.o(.text) refers to timer.o(.text) for Timerx_Init
    main.o(.text) refers to ad985x.o(.text) for AD985x_Init
    main.o(.text) refers to printfa.o(i.__0printf) for __2printf
    main.o(.text) refers to task_manage.o(.text) for Set_PointFre
    main.o(.text) refers to ffltui.o(.text) for __aeabi_ui2f
    main.o(.text) refers to f2d.o(.text) for __aeabi_f2d
    main.o(.text) refers to dmul.o(.text) for __aeabi_dmul
    main.o(.text) refers to d2f.o(.text) for __aeabi_d2f
    main.o(.text) refers to key.o(.data) for Keycode
    main.o(.text) refers to task_manage.o(.data) for _return
    main.o(.text) refers to timer.o(.data) for NowFre
    main.o(.text) refers to main.o(.data) for lastNowFre
    main.o(.text) refers to vol_collect.o(.data) for chongzhi
    task_manage.o(.text) refers to strlen.o(.text) for strlen
    task_manage.o(.text) refers to printfa.o(i.__0sprintf) for __2sprintf
    task_manage.o(.text) refers to lcd.o(.text) for LCD_Show_CEStr
    task_manage.o(.text) refers to atol.o(.text) for atol
    task_manage.o(.text) refers to task_manage.o(.bss) for fre_buf
    task_manage.o(.text) refers to task_manage.o(.data) for Task_First
    task_manage.o(.text) refers to dfltui.o(.text) for __aeabi_ui2d
    task_manage.o(.text) refers to ad985x.o(.text) for AD985x_SetFre_Phase
    task_manage.o(.text) refers to ad985x.o(.data) for AD985x
    led.o(.text) refers to stm32f10x_rcc.o(.text) for RCC_APB2PeriphClockCmd
    led.o(.text) refers to stm32f10x_gpio.o(.text) for GPIO_Init
    lcd.o(.text) refers to delay.o(.text) for delay_us
    lcd.o(.text) refers to stm32f10x_rcc.o(.text) for RCC_APB2PeriphClockCmd
[...]
    _strtoul.o(.text) refers to errno.o(i.__aeabi_errno_addr) for __aeabi_errno_addr


==============================================================================

Removing Unused input sections from the image.

    Removing core_cm3.o(.emb_text), (32 bytes).
    Removing startup_stm32f10x_hd.o(HEAP), (512 bytes).
    Removing stm32f10x_exti.o(.text), (284 bytes).
    Removing stm32f10x_fsmc.o(.text), (1548 bytes).
    Removing stm32f10x_bkp.o(.text), (196 bytes).
    Removing stm32f10x_can.o(.text), (2544 bytes).
    Removing stm32f10x_cec.o(.text), (288 bytes).
    Removing stm32f10x_crc.o(.text), (72 bytes).
    Removing stm32f10x_dac.o(.text), (396 bytes).
    Removing stm32f10x_dbgmcu.o(.text), (48 bytes).
    Removing stm32f10x_dma.o(.text), (596 bytes).
    Removing stm32f10x_flash.o(.text), (1468 bytes).
    Removing stm32f10x_i2c.o(.text), (1028 bytes).
    Removing stm32f10x_iwdg.o(.text), (64 bytes).
    Removing stm32f10x_pwr.o(.text), (204 bytes).
    Removing stm32f10x_rtc.o(.text), (328 bytes).
    Removing stm32f10x_sdio.o(.text), (468 bytes).
    Removing stm32f10x_spi.o(.text), (780 bytes).
    Removing stm32f10x_wwdg.o(.text), (136 bytes).
    Removing main.o(.bss), (30 bytes).
    Removing cmd_queue.o(.text), (276 bytes).
    Removing cmd_queue.o(.bss), (516 bytes).
    Removing cmd_queue.o(.data), (6 bytes).
    Removing hmi_driver.o(.text), (9044 bytes).

24 unused section(s) (total 20864 bytes) removed from the image.

==============================================================================

Image Symbol Table

    Local Symbols

    Symbol Name                              Value     Ov Type        Size  Object(Section)

    ../clib/../cmprslib/zerorunl2.c          0x00000000   Number         0  __dczerorl2.o ABSOLUTE
    ../clib/microlib/ctype/ctype.c           0x00000000   Number         0  ispunct_o.o ABSOLUTE
    ../clib/microlib/ctype/ctype.c           0x00000000   Number         0  isxdigit_o.o ABSOLUTE
    ../clib/microlib/ctype/ctype.c           0x00000000   Number         0  isupper_o.o ABSOLUTE
    ../clib/microlib/ctype/ctype.c           0x00000000   Number         0  isblank_o.o ABSOLUTE
    ../clib/microlib/ctype/ctype.c           0x00000000   Number         0  isspace_o.o ABSOLUTE
    ../clib/microlib/ctype/ctype.c           0x00000000   Number         0  isprint_o.o ABSOLUTE
    ../clib/microlib/ctype/ctype.c           0x00000000   Number         0  isalpha_o.o ABSOLUTE
    ../clib/microlib/ctype/ctype.c           0x00000000   Number         0  islower_o.o ABSOLUTE
    ../clib/microlib/ctype/ctype.c           0x00000000   Number         0  isgraph_o.o ABSOLUTE
    ../clib/microlib/ctype/ctype.c           0x00000000   Number         0  isdigit_o.o ABSOLUTE
    ../clib/microlib/ctype/ctype.c           0x00000000   Number         0  isalnum_o.o ABSOLUTE
    ../clib/microlib/ctype/ctype.c           0x00000000   Number         0  iscntrl_o.o ABSOLUTE
    ../clib/microlib/ctype/ctype.c           0x00000000   Number         0  ctype_o.o ABSOLUTE
    ../clib/microlib/division.c              0x00000000   Number         0  uldiv.o ABSOLUTE
    ../clib/microlib/division.c              0x00000000   Number         0  uidiv.o ABSOLUTE
    ../clib/microlib/errno.c                 0x00000000   Number         0  errno.o ABSOLUTE
    ../clib/microlib/init/entry.s            0x00000000   Number         0  entry10b.o ABSOLUTE
    ../clib/microlib/init/entry.s            0x00000000   Number         0  entry11a.o ABSOLUTE
    ../clib/microlib/init/entry.s            0x00000000   Number         0  entry7b.o ABSOLUTE
    ../clib/microlib/init/entry.s            0x00000000   Number         0  entry11b.o ABSOLUTE
    ../clib/microlib/init/entry.s            0x00000000   Number         0  entry7a.o ABSOLUTE
    ../clib/microlib/init/entry.s            0x00000000   Number         0  entry2.o ABSOLUTE
    ../clib/microlib/init/entry.s            0x00000000   Number         0  entry.o ABSOLUTE
    ../clib/microlib/init/entry.s            0x00000000   Number         0  entry8a.o ABSOLUTE
    ../clib/microlib/init/entry.s            0x00000000   Number         0  entry8b.o ABSOLUTE
    ../clib/microlib/init/entry.s            0x00000000   Number         0  entry9b.o ABSOLUTE
    ../clib/microlib/init/entry.s            0x00000000   Number         0  entry5.o ABSOLUTE
    ../clib/microlib/init/entry.s            0x00000000   Number         0  entry9a.o ABSOLUTE
    ../clib/microlib/init/entry.s            0x00000000   Number         0  entry10a.o ABSOLUTE
    ../clib/microlib/longlong.c              0x00000000   Number         0  llushr.o ABSOLUTE
    ../clib/microlib/longlong.c              0x00000000   Number         0  llshl.o ABSOLUTE
    ../clib/microlib/longlong.c              0x00000000   Number         0  llsshr.o ABSOLUTE
    ../clib/microlib/printf/printf.c         0x00000000   Number         0  printf6.o ABSOLUTE
    ../clib/microlib/printf/printf.c         0x00000000   Number         0  printfa.o ABSOLUTE
    ../clib/microlib/printf/printf.c         0x00000000   Number         0  printf1.o ABSOLUTE
    ../clib/microlib/printf/printf.c         0x00000000   Number         0  printf0.o ABSOLUTE
    ../clib/microlib/printf/printf.c         0x00000000   Number         0  printfb.o ABSOLUTE
    ../clib/microlib/printf/printf.c         0x00000000   Number         0  printf3.o ABSOLUTE
    ../clib/microlib/printf/printf.c         0x00000000   Number         0  printf4.o ABSOLUTE
    ../clib/microlib/printf/printf.c         0x00000000   Number         0  printf5.o ABSOLUTE
    ../clib/microlib/printf/printf.c         0x00000000   Number         0  printf2.o ABSOLUTE
    ../clib/microlib/printf/printf.c         0x00000000   Number         0  printf7.o ABSOLUTE
    ../clib/microlib/printf/printf.c         0x00000000   Number         0  printf8.o ABSOLUTE
    ../clib/microlib/printf/stubs.s          0x00000000   Number         0  stubs.o ABSOLUTE
    ../clib/microlib/string/strlen.c         0x00000000   Number         0  strlen.o ABSOLUTE
    ../clib/microlib/stubs.s                 0x00000000   Number         0  iusefp.o ABSOLUTE
    ../clib/microlib/stubs.s                 0x00000000   Number         0  useno.o ABSOLUTE
    ../clib/scanf.c                          0x00000000   Number         0  _chval.o ABSOLUTE
    ../clib/scanf.c                          0x00000000   Number         0  strtol.o ABSOLUTE
    ../clib/scanf.c                          0x00000000   Number         0  atol.o ABSOLUTE
    ../clib/scanf.c                          0x00000000   Number         0  _strtoul.o ABSOLUTE
    ../fplib/microlib/d2f.c                  0x00000000   Number         0  d2f.o ABSOLUTE
    ../fplib/microlib/f2d.c                  0x00000000   Number         0  f2d.o ABSOLUTE
    ../fplib/microlib/fpadd.c                0x00000000   Number         0  dadd.o ABSOLUTE
    ../fplib/microlib/fpdiv.c                0x00000000   Number         0  ddiv.o ABSOLUTE
    ../fplib/microlib/fpepilogue.c           0x00000000   Number         0  fepilogue.o ABSOLUTE
    ../fplib/microlib/fpepilogue.c           0x00000000   Number         0  depilogue.o ABSOLUTE
    ../fplib/microlib/fpfix.c                0x00000000   Number         0  dfixul.o ABSOLUTE
    ../fplib/microlib/fpfix.c                0x00000000   Number         0  dfixui.o ABSOLUTE
    ../fplib/microlib/fpflt.c                0x00000000   Number         0  dfltui.o ABSOLUTE
    ../fplib/microlib/fpflt.c                0x00000000   Number         0  ffltui.o ABSOLUTE
    ../fplib/microlib/fpmul.c                0x00000000   Number         0  dmul.o ABSOLUTE
    ..\CMSIS\CM3\CORE\core_cm3.c             0x00000000   Number         0  core_cm3.o ABSOLUTE
    ..\CMSIS\CM3\STARTUP\startup_stm32f10x_hd.s 0x00000000   Number         0  startup_stm32f10x_hd.o ABSOLUTE
    ..\CMSIS\CM3\stm32f10x_it.c              0x00000000   Number         0  stm32f10x_it.o ABSOLUTE
    ..\CMSIS\CM3\system_stm32f10x.c          0x00000000   Number         0  system_stm32f10x.o ABSOLUTE
    ..\CMSIS\STM32LIB\src\misc.c             0x00000000   Number         0  misc.o ABSOLUTE
    ..\CMSIS\STM32LIB\src\stm32f10x_adc.c    0x00000000   Number         0  stm32f10x_adc.o ABSOLUTE
    ..\CMSIS\STM32LIB\src\stm32f10x_bkp.c    0x00000000   Number         0  stm32f10x_bkp.o ABSOLUTE
    ..\CMSIS\STM32LIB\src\stm32f10x_can.c    0x00000000   Number         0  stm32f10x_can.o ABSOLUTE
    ..\CMSIS\STM32LIB\src\stm32f10x_cec.c    0x00000000   Number         0  stm32f10x_cec.o ABSOLUTE
    ..\CMSIS\STM32LIB\src\stm32f10x_crc.c    0x00000000   Number         0  stm32f10x_crc.o ABSOLUTE
    ..\CMSIS\STM32LIB\src\stm32f10x_dac.c    0x00000000   Number         0  stm32f10x_dac.o ABSOLUTE
    ..\CMSIS\STM32LIB\src\stm32f10x_dbgmcu.c 0x00000000   Number         0  stm32f10x_dbgmcu.o ABSOLUTE
    ..\CMSIS\STM32LIB\src\stm32f10x_dma.c    0x00000000   Number         0  stm32f10x_dma.o ABSOLUTE
    ..\CMSIS\STM32LIB\src\stm32f10x_exti.c   0x00000000   Number         0  stm32f10x_exti.o ABSOLUTE
    ..\CMSIS\STM32LIB\src\stm32f10x_flash.c  0x00000000   Number         0  stm32f10x_flash.o ABSOLUTE
    ..\CMSIS\STM32LIB\src\stm32f10x_fsmc.c   0x00000000   Number         0  stm32f10x_fsmc.o ABSOLUTE
    ..\CMSIS\STM32LIB\src\stm32f10x_gpio.c   0x00000000   Number         0  stm32f10x_gpio.o ABSOLUTE
    ..\CMSIS\STM32LIB\src\stm32f10x_i2c.c    0x00000000   Number         0  stm32f10x_i2c.o ABSOLUTE
    ..\CMSIS\STM32LIB\src\stm32f10x_iwdg.c   0x00000000   Number         0  stm32f10x_iwdg.o ABSOLUTE
    ..\CMSIS\STM32LIB\src\stm32f10x_pwr.c    0x00000000   Number         0  stm32f10x_pwr.o ABSOLUTE
    ..\CMSIS\STM32LIB\src\stm32f10x_rcc.c    0x00000000   Number         0  stm32f10x_rcc.o ABSOLUTE
    ..\CMSIS\STM32LIB\src\stm32f10x_rtc.c    0x00000000   Number         0  stm32f10x_rtc.o ABSOLUTE
    ..\CMSIS\STM32LIB\src\stm32f10x_sdio.c   0x00000000   Number         0  stm32f10x_sdio.o ABSOLUTE
    ..\CMSIS\STM32LIB\src\stm32f10x_spi.c    0x00000000   Number         0  stm32f10x_spi.o ABSOLUTE
    ..\CMSIS\STM32LIB\src\stm32f10x_tim.c    0x00000000   Number         0  stm32f10x_tim.o ABSOLUTE
    ..\CMSIS\STM32LIB\src\stm32f10x_usart.c  0x00000000   Number         0  stm32f10x_usart.o ABSOLUTE
    ..\CMSIS\STM32LIB\src\stm32f10x_wwdg.c   0x00000000   Number         0  stm32f10x_wwdg.o ABSOLUTE
    ..\HARDWARE\AD985x\AD985x.c              0x00000000   Number         0  ad985x.o ABSOLUTE
    ..\HARDWARE\ADC\adc.c                    0x00000000   Number         0  adc.o ABSOLUTE
    ..\HARDWARE\KEY\key.c                    0x00000000   Number         0  key.o ABSOLUTE
    ..\HARDWARE\LCD\lcd.c                    0x00000000   Number         0  lcd.o ABSOLUTE
    ..\HARDWARE\LED\led.c                    0x00000000   Number         0  led.o ABSOLUTE
    ..\HARDWARE\TIMER\timer.c                0x00000000   Number         0  timer.o ABSOLUTE
    ..\HARDWARE\chuas\cmd_queue.c            0x00000000   Number         0  cmd_queue.o ABSOLUTE
    ..\HARDWARE\chuas\hmi_driver.c           0x00000000   Number         0  hmi_driver.o ABSOLUTE
    ..\SYSTEM\delay\delay.c                  0x00000000   Number         0  delay.o ABSOLUTE
    ..\SYSTEM\sys\sys.c                      0x00000000   Number         0  sys.o ABSOLUTE
    ..\SYSTEM\usart\usart.c                  0x00000000   Number         0  usart.o ABSOLUTE
    ..\Soft\Task\task_manage.c               0x00000000   Number         0  task_manage.o ABSOLUTE
    ..\\CMSIS\\CM3\\CORE\\core_cm3.c         0x00000000   Number         0  core_cm3.o ABSOLUTE
    ..\\SYSTEM\\sys\\sys.c                   0x00000000   Number         0  sys.o ABSOLUTE
    ..\chuan\data_conversion.c               0x00000000   Number         0  data_conversion.o ABSOLUTE
    ..\chuan\ping.c                          0x00000000   Number         0  ping.o ABSOLUTE
    ..\chuan\vol_collect.c                   0x00000000   Number         0  vol_collect.o ABSOLUTE
    cdrcmple.s                               0x00000000   Number         0  cdrcmple.o ABSOLUTE
    dc.s                                     0x00000000   Number         0  dc.o ABSOLUTE
    handlers.s                               0x00000000   Number         0  handlers.o ABSOLUTE
    init.s                                   0x00000000   Number         0  init.o ABSOLUTE
    main.c                                   0x00000000   Number         0  main.o ABSOLUTE
    RESET                                    0x08000000   Section      304  startup_stm32f10x_hd.o(RESET)
    .ARM.Collect$$$$00000000                 0x08000130   Section        0  entry.o(.ARM.Collect$$$$00000000)
    .ARM.Collect$$$$00000001                 0x08000130   Section        4  entry2.o(.ARM.Collect$$$$00000001)
    .ARM.Collect$$$$00000004                 0x08000134   Section        4  entry5.o(.ARM.Collect$$$$00000004)
    .ARM.Collect$$$$00000008                 0x08000138   Section        0  entry7b.o(.ARM.Collect$$$$00000008)
    .ARM.Collect$$$$0000000A                 0x08000138   Section        0  entry8b.o(.ARM.Collect$$$$0000000A)
    .ARM.Collect$$$$0000000B                 0x08000138   Section        8  entry9a.o(.ARM.Collect$$$$0000000B)
    .ARM.Collect$$$$0000000D                 0x08000140   Section        0  entry10a.o(.ARM.Collect$$$$0000000D)
    .ARM.Collect$$$$0000000F                 0x08000140   Section        0  entry11a.o(.ARM.Collect$$$$0000000F)
    .ARM.Collect$$$$00002712                 0x08000140   Section        4  entry2.o(.ARM.Collect$$$$00002712)
    __lit__00000000                          0x08000140   Data           4  entry2.o(.ARM.Collect$$$$00002712)
    .emb_text                                0x08000144   Section        2  sys.o(.emb_text)
    .text                                    0x08000148   Section        0  stm32f10x_it.o(.text)
    .text                                    0x080001e8   Section        0  system_stm32f10x.o(.text)
    SetSysClockTo72                          0x080001e9   Thumb Code   214  system_stm32f10x.o(.text)
    SetSysClock                              0x080002bf   Thumb Code     8  system_stm32f10x.o(.text)
    .text                                    0x080003c8   Section       36  startup_stm32f10x_hd.o(.text)
    .text                                    0x080003ec   Section        0  misc.o(.text)
    .text                                    0x080004c8   Section        0  stm32f10x_gpio.o(.text)
    .text                                    0x08000824   Section        0  stm32f10x_rcc.o(.text)
    .text                                    0x08000bc8   Section        0  stm32f10x_usart.o(.text)
    .text                                    0x08000fd0   Section        0  stm32f10x_adc.o(.text)
    .text                                    0x08001420   Section        0  stm32f10x_tim.o(.text)
    TI4_Config                               0x080018c7   Thumb Code   130  stm32f10x_tim.o(.text)
    TI3_Config                               0x0800195b   Thumb Code   122  stm32f10x_tim.o(.text)
    TI2_Config                               0x080019ef   Thumb Code   130  stm32f10x_tim.o(.text)
    TI1_Config                               0x08001a83   Thumb Code   108  stm32f10x_tim.o(.text)
    .text                                    0x0800223c   Section        0  delay.o(.text)
    .text                                    0x0800230c   Section        0  sys.o(.text)
    .text                                    0x08002628   Section        0  usart.o(.text)
    .text                                    0x080027dc   Section        0  main.o(.text)
    .text                                    0x08002a18   Section        0  task_manage.o(.text)
    .text                                    0x080030ec   Section        0  led.o(.text)
    .text                                    0x08003134   Section        0  lcd.o(.text)
    .text                                    0x08003bbc   Section        0  key.o(.text)
    .text                                    0x08003d94   Section        0  timer.o(.text)
    .text                                    0x08003f7c   Section        0  ad985x.o(.text)
    .text                                    0x080042c8   Section        0  adc.o(.text)
    .text                                    0x08004448   Section        0  data_conversion.o(.text)
    .text                                    0x080044f4   Section        0  ping.o(.text)
    screen_send_sel_framehead                0x080044f5   Thumb Code    38  ping.o(.text)
    screen_send_page_id                      0x0800451b   Thumb Code    38  ping.o(.text)
    screen_send_control_id                   0x08004541   Thumb Code    38  ping.o(.text)
    screen_send_data                         0x08004567   Thumb Code    40  ping.o(.text)
    screen_send_com_frametail                0x0800458f   Thumb Code    38  ping.o(.text)
    .text                                    0x08004808   Section        0  strlen.o(.text)
    .text                                    0x08004816   Section        0  atol.o(.text)
    .text                                    0x08004830   Section        0  dmul.o(.text)
    .text                                    0x08004914   Section        0  ffltui.o(.text)
    .text                                    0x0800491e   Section        0  dfltui.o(.text)
    .text                                    0x08004938   Section        0  dfixui.o(.text)
    .text                                    0x0800496a   Section        0  f2d.o(.text)
    .text                                    0x08004990   Section        0  d2f.o(.text)
    .text                                    0x080049c8   Section        0  uidiv.o(.text)
    .text                                    0x080049f4   Section        0  uldiv.o(.text)
    .text                                    0x08004a56   Section        0  llushr.o(.text)
    .text                                    0x08004a76   Section        0  strtol.o(.text)
    .text                                    0x08004ae6   Section        0  iusefp.o(.text)
    .text                                    0x08004ae6   Section        0  fepilogue.o(.text)
    .text                                    0x08004b54   Section        0  depilogue.o(.text)
    .text                                    0x08004c0e   Section        0  dadd.o(.text)
    .text                                    0x08004d5c   Section        0  ddiv.o(.text)
    .text                                    0x08004e3a   Section        0  dfixul.o(.text)
    .text                                    0x08004e6c   Section       48  cdrcmple.o(.text)
    .text                                    0x08004e9c   Section       36  init.o(.text)
    .text                                    0x08004ec0   Section        0  llshl.o(.text)
    .text                                    0x08004ede   Section        0  llsshr.o(.text)
    .text                                    0x08004f04   Section        0  ctype_o.o(.text)
    .text                                    0x08004f0c   Section        0  _strtoul.o(.text)
    .text                                    0x08004faa   Section        0  _chval.o(.text)
    .text                                    0x08004fc6   Section        0  __dczerorl2.o(.text)
    i.__0printf                              0x0800501c   Section        0  printfa.o(i.__0printf)
    i.__0sprintf                             0x0800503c   Section        0  printfa.o(i.__0sprintf)
    i.__aeabi_errno_addr                     0x08005064   Section        0  errno.o(i.__aeabi_errno_addr)
    i.__scatterload_copy                     0x0800506c   Section       14  handlers.o(i.__scatterload_copy)
    i.__scatterload_null                     0x0800507a   Section        2  handlers.o(i.__scatterload_null)
    i.__scatterload_zeroinit                 0x0800507c   Section       14  handlers.o(i.__scatterload_zeroinit)
    i._fp_digits                             0x0800508c   Section        0  printfa.o(i._fp_digits)
    _fp_digits                               0x0800508d   Thumb Code   366  printfa.o(i._fp_digits)
    i._printf_core                           0x08005210   Section        0  printfa.o(i._printf_core)
    _printf_core                             0x08005211   Thumb Code  1744  printfa.o(i._printf_core)
    i._printf_post_padding                   0x080058ec   Section        0  printfa.o(i._printf_post_padding)
    _printf_post_padding                     0x080058ed   Thumb Code    36  printfa.o(i._printf_post_padding)
    i._printf_pre_padding                    0x08005910   Section        0  printfa.o(i._printf_pre_padding)
    _printf_pre_padding                      0x08005911   Thumb Code    46  printfa.o(i._printf_pre_padding)
    i._sputc                                 0x0800593e   Section        0  printfa.o(i._sputc)
    _sputc                                   0x0800593f   Thumb Code    10  printfa.o(i._sputc)
    .constdata                               0x08005948   Section     2660  lcd.o(.constdata)
    .constdata                               0x080063ac   Section       13  ping.o(.constdata)
    .constdata                               0x080063b9   Section      129  ctype_o.o(.constdata)
    .constdata                               0x0800643c   Section        4  ctype_o.o(.constdata)
    table                                    0x0800643c   Data           4  ctype_o.o(.constdata)
    .data                                    0x20000000   Section        8  stm32f10x_it.o(.data)
    .data                                    0x20000008   Section       20  system_stm32f10x.o(.data)
    .data                                    0x2000001c   Section       20  stm32f10x_rcc.o(.data)
    APBAHBPrescTable                         0x2000001c   Data          16  stm32f10x_rcc.o(.data)
    ADCPrescTable                            0x2000002c   Data           4  stm32f10x_rcc.o(.data)
    .data                                    0x20000030   Section        4  delay.o(.data)
    fac_us                                   0x20000030   Data           1  delay.o(.data)
    fac_ms                                   0x20000032   Data           2  delay.o(.data)
    .data                                    0x20000034   Section        6  usart.o(.data)
    .data                                    0x2000003c   Section        8  main.o(.data)
    .data                                    0x20000044   Section       32  task_manage.o(.data)
    SinFre                                   0x20000060   Data           4  task_manage.o(.data)
    .data                                    0x20000064   Section     2316  lcd.o(.data)
    time                                     0x2000096c   Data           1  lcd.o(.data)
    set                                      0x2000096d   Data           1  lcd.o(.data)
    xbuf                                     0x2000096e   Data           1  lcd.o(.data)
    ybuf                                     0x2000096f   Data           1  lcd.o(.data)
    .data                                    0x20000970   Section       32  key.o(.data)
    .data                                    0x20000990   Section       12  timer.o(.data)
    .data                                    0x2000099c   Section        3  ad985x.o(.data)
    .data                                    0x2000099f   Section        2  ping.o(.data)
    .data                                    0x200009a4   Section       36  vol_collect.o(.data)
    .data                                    0x200009c8   Section        4  errno.o(.data)
    _errno                                   0x200009c8   Data           4  errno.o(.data)
    .bss                                     0x200009cc   Section      200  usart.o(.bss)
    .bss                                     0x20000a94   Section       20  task_manage.o(.bss)
    .bss                                     0x20000aa8   Section     1024  lcd.o(.bss)
    STACK                                    0x20000ea8   Section     1024  startup_stm32f10x_hd.o(STACK)

    Global Symbols

    Symbol Name                              Value     Ov Type        Size  Object(Section)

    BuildAttributes$$THM_ISAv4$P$D$K$B$S$PE$A:L22UL41UL21$X:L11$S22US41US21$IEEE1$IW$USESV6$~STKCKD$USESV7$~SHL$OTIME$ROPI$EBA8$MICROLIB$REQ8$PRES8$EABIv2 0x00000000   Number         0  anon$$obj.o ABSOLUTE
    __ARM_use_no_argv                        0x00000000   Number         0  main.o ABSOLUTE
    __use_no_errno                           0x00000000   Number         0  useno.o ABSOLUTE
    __use_no_exception_handling              0x00000000   Number         0  useno.o ABSOLUTE
    __use_no_fp                              0x00000000   Number         0  useno.o ABSOLUTE
    __use_no_heap                            0x00000000   Number         0  useno.o ABSOLUTE
    __use_no_heap_region                     0x00000000   Number         0  useno.o ABSOLUTE
    __use_no_semihosting                     0x00000000   Number         0  useno.o ABSOLUTE
    __use_no_semihosting_swi                 0x00000000   Number         0  useno.o ABSOLUTE
    __use_no_signal_handling                 0x00000000   Number         0  useno.o ABSOLUTE
    _printf_a                                0x00000000   Number         0  stubs.o ABSOLUTE
    _printf_c                                0x00000000   Number         0  stubs.o ABSOLUTE
    _printf_charcount                        0x00000000   Number         0  stubs.o ABSOLUTE
    _printf_d                                0x00000000   Number         0  stubs.o ABSOLUTE
    _printf_e                                0x00000000   Number         0  stubs.o ABSOLUTE
    _printf_f                                0x00000000   Number         0  stubs.o ABSOLUTE
    _printf_flags                            0x00000000   Number         0  stubs.o ABSOLUTE
    _printf_fp_dec                           0x00000000   Number         0  stubs.o ABSOLUTE
    _printf_fp_hex                           0x00000000   Number         0  stubs.o ABSOLUTE
    _printf_g                                0x00000000   Number         0  stubs.o ABSOLUTE
    _printf_i                                0x00000000   Number         0  stubs.o ABSOLUTE
    _printf_int_dec                          0x00000000   Number         0  stubs.o ABSOLUTE
    _printf_l                                0x00000000   Number         0  stubs.o ABSOLUTE
    _printf_lc                               0x00000000   Number         0  stubs.o ABSOLUTE
    _printf_ll                               0x00000000   Number         0  stubs.o ABSOLUTE
    _printf_lld                              0x00000000   Number         0  stubs.o ABSOLUTE
    _printf_lli                              0x00000000   Number         0  stubs.o ABSOLUTE
    _printf_llo                              0x00000000   Number         0  stubs.o ABSOLUTE
    _printf_llu                              0x00000000   Number         0  stubs.o ABSOLUTE
    _printf_llx                              0x00000000   Number         0  stubs.o ABSOLUTE
    _printf_longlong_dec                     0x00000000   Number         0  stubs.o ABSOLUTE
    _printf_longlong_hex                     0x00000000   Number         0  stubs.o ABSOLUTE
    _printf_longlong_oct                     0x00000000   Number         0  stubs.o ABSOLUTE
    _printf_ls                               0x00000000   Number         0  stubs.o ABSOLUTE
    _printf_mbtowc                           0x00000000   Number         0  stubs.o ABSOLUTE
    _printf_n                                0x00000000   Number         0  stubs.o ABSOLUTE
    _printf_o                                0x00000000   Number         0  stubs.o ABSOLUTE
    _printf_p                                0x00000000   Number         0  stubs.o ABSOLUTE
    _printf_percent                          0x00000000   Number         0  stubs.o ABSOLUTE
    _printf_pre_padding                      0x00000000   Number         0  stubs.o ABSOLUTE
    _printf_return_value                     0x00000000   Number         0  stubs.o ABSOLUTE
    _printf_s                                0x00000000   Number         0  stubs.o ABSOLUTE
    _printf_sizespec                         0x00000000   Number         0  stubs.o ABSOLUTE
    _printf_str                              0x00000000   Number         0  stubs.o ABSOLUTE
    _printf_truncate_signed                  0x00000000   Number         0  stubs.o ABSOLUTE
    _printf_truncate_unsigned                0x00000000   Number         0  stubs.o ABSOLUTE
    _printf_u                                0x00000000   Number         0  stubs.o ABSOLUTE
    _printf_wc                               0x00000000   Number         0  stubs.o ABSOLUTE
    _printf_wctomb                           0x00000000   Number         0  stubs.o ABSOLUTE
    _printf_widthprec                        0x00000000   Number         0  stubs.o ABSOLUTE
    _printf_x                                0x00000000   Number         0  stubs.o ABSOLUTE
    __cpp_initialize__aeabi_                  - Undefined Weak Reference
    __cxa_finalize                            - Undefined Weak Reference
    _clock_init                               - Undefined Weak Reference
    _microlib_exit                            - Undefined Weak Reference
    __Vectors_Size                           0x00000130   Number         0  startup_stm32f10x_hd.o ABSOLUTE
    __Vectors                                0x08000000   Data           4  startup_stm32f10x_hd.o(RESET)
    __Vectors_End                            0x08000130   Data           0  startup_stm32f10x_hd.o(RESET)
    __main                                   0x08000131   Thumb Code     0  entry.o(.ARM.Collect$$$$00000000)
    _main_stk                                0x08000131   Thumb Code     0  entry2.o(.ARM.Collect$$$$00000001)
    _main_scatterload                        0x08000135   Thumb Code     0  entry5.o(.ARM.Collect$$$$00000004)
    __main_after_scatterload                 0x08000139   Thumb Code     0  entry5.o(.ARM.Collect$$$$00000004)
    _main_clock                              0x08000139   Thumb Code     0  entry7b.o(.ARM.Collect$$$$00000008)
    _main_cpp_init                           0x08000139   Thumb Code     0  entry8b.o(.ARM.Collect$$$$0000000A)
    _main_init                               0x08000139   Thumb Code     0  entry9a.o(.ARM.Collect$$$$0000000B)
    __rt_final_cpp                           0x08000141   Thumb Code     0  entry10a.o(.ARM.Collect$$$$0000000D)
    __rt_final_exit                          0x08000141   Thumb Code     0  entry11a.o(.ARM.Collect$$$$0000000F)
    WFI_SET                                  0x08000145   Thumb Code     2  sys.o(.emb_text)
    NMI_Handler                              0x08000149   Thumb Code     2  stm32f10x_it.o(.text)
    HardFault_Handler                        0x0800014b   Thumb Code    10  stm32f10x_it.o(.text)
    MemManage_Handler                        0x08000155   Thumb Code     2  stm32f10x_it.o(.text)
    BusFault_Handler                         0x08000157   Thumb Code     2  stm32f10x_it.o(.text)
    UsageFault_Handler                       0x08000159   Thumb Code     2  stm32f10x_it.o(.text)
    SVC_Handler                              0x0800015b   Thumb Code     2  stm32f10x_it.o(.text)
    DebugMon_Handler                         0x0800015d   Thumb Code     2  stm32f10x_it.o(.text)
    PendSV_Handler                           0x0800015f   Thumb Code     2  stm32f10x_it.o(.text)
    SysTick_Handler                          0x08000161   Thumb Code     2  stm32f10x_it.o(.text)
    TIM3_IRQHandler                          0x08000163   Thumb Code    80  stm32f10x_it.o(.text)
    SystemInit                               0x080002c7   Thumb Code    78  system_stm32f10x.o(.text)
    SystemCoreClockUpdate                    0x08000315   Thumb Code   142  system_stm32f10x.o(.text)
    Reset_Handler                            0x080003c9   Thumb Code     8  startup_stm32f10x_hd.o(.text)
    ADC1_2_IRQHandler                        0x080003e3   Thumb Code     0  startup_stm32f10x_hd.o(.text)
    ADC3_IRQHandler                          0x080003e3   Thumb Code     0  startup_stm32f10x_hd.o(.text)
    CAN1_RX1_IRQHandler                      0x080003e3   Thumb Code     0  startup_stm32f10x_hd.o(.text)
    CAN1_SCE_IRQHandler                      0x080003e3   Thumb Code     0  startup_stm32f10x_hd.o(.text)
    DMA1_Channel1_IRQHandler                 0x080003e3   Thumb Code     0  startup_stm32f10x_hd.o(.text)
    DMA1_Channel2_IRQHandler                 0x080003e3   Thumb Code     0  startup_stm32f10x_hd.o(.text)
    DMA1_Channel3_IRQHandler                 0x080003e3   Thumb Code     0  startup_stm32f10x_hd.o(.text)
    DMA1_Channel4_IRQHandler                 0x080003e3   Thumb Code     0  startup_stm32f10x_hd.o(.text)
    DMA1_Channel5_IRQHandler                 0x080003e3   Thumb Code     0  startup_stm32f10x_hd.o(.text)
    DMA1_Channel6_IRQHandler                 0x080003e3   Thumb Code     0  startup_stm32f10x_hd.o(.text)
    DMA1_Channel7_IRQHandler                 0x080003e3   Thumb Code     0  startup_stm32f10x_hd.o(.text)
    DMA2_Channel1_IRQHandler                 0x080003e3   Thumb Code     0  startup_stm32f10x_hd.o(.text)
    DMA2_Channel2_IRQHandler                 0x080003e3   Thumb Code     0  startup_stm32f10x_hd.o(.text)
    DMA2_Channel3_IRQHandler                 0x080003e3   Thumb Code     0  startup_stm32f10x_hd.o(.text)
    DMA2_Channel4_5_IRQHandler               0x080003e3   Thumb Code     0  startup_stm32f10x_hd.o(.text)
    EXTI0_IRQHandler                         0x080003e3   Thumb Code     0  startup_stm32f10x_hd.o(.text)
    EXTI15_10_IRQHandler                     0x080003e3   Thumb Code     0  startup_stm32f10x_hd.o(.text)
    EXTI1_IRQHandler                         0x080003e3   Thumb Code     0  startup_stm32f10x_hd.o(.text)
    EXTI2_IRQHandler                         0x080003e3   Thumb Code     0  startup_stm32f10x_hd.o(.text)
    EXTI3_IRQHandler                         0x080003e3   Thumb Code     0  startup_stm32f10x_hd.o(.text)
    EXTI4_IRQHandler                         0x080003e3   Thumb Code     0  startup_stm32f10x_hd.o(.text)
    EXTI9_5_IRQHandler                       0x080003e3   Thumb Code     0  startup_stm32f10x_hd.o(.text)
    FLASH_IRQHandler                         0x080003e3   Thumb Code     0  startup_stm32f10x_hd.o(.text)
    FSMC_IRQHandler                          0x080003e3   Thumb Code     0  startup_stm32f10x_hd.o(.text)
    I2C1_ER_IRQHandler                       0x080003e3   Thumb Code     0  startup_stm32f10x_hd.o(.text)
    I2C1_EV_IRQHandler                       0x080003e3   Thumb Code     0  startup_stm32f10x_hd.o(.text)
    I2C2_ER_IRQHandler                       0x080003e3   Thumb Code     0  startup_stm32f10x_hd.o(.text)
    I2C2_EV_IRQHandler                       0x080003e3   Thumb Code     0  startup_stm32f10x_hd.o(.text)
    PVD_IRQHandler                           0x080003e3   Thumb Code     0  startup_stm32f10x_hd.o(.text)
    RCC_IRQHandler                           0x080003e3   Thumb Code     0  startup_stm32f10x_hd.o(.text)
    RTCAlarm_IRQHandler                      0x080003e3   Thumb Code     0  startup_stm32f10x_hd.o(.text)
    RTC_IRQHandler                           0x080003e3   Thumb Code     0  startup_stm32f10x_hd.o(.text)
    SDIO_IRQHandler                          0x080003e3   Thumb Code     0  startup_stm32f10x_hd.o(.text)
    SPI1_IRQHandler                          0x080003e3   Thumb Code     0  startup_stm32f10x_hd.o(.text)
    SPI2_IRQHandler                          0x080003e3   Thumb Code     0  startup_stm32f10x_hd.o(.text)
    SPI3_IRQHandler                          0x080003e3   Thumb Code     0  startup_stm32f10x_hd.o(.text)
    TAMPER_IRQHandler                        0x080003e3   Thumb Code     0  startup_stm32f10x_hd.o(.text)
    TIM1_BRK_IRQHandler                      0x080003e3   Thumb Code     0  startup_stm32f10x_hd.o(.text)
    TIM1_CC_IRQHandler                       0x080003e3   Thumb Code     0  startup_stm32f10x_hd.o(.text)
    TIM1_TRG_COM_IRQHandler                  0x080003e3   Thumb Code     0  startup_stm32f10x_hd.o(.text)
    TIM1_UP_IRQHandler                       0x080003e3   Thumb Code     0  startup_stm32f10x_hd.o(.text)
    TIM2_IRQHandler                          0x080003e3   Thumb Code     0  startup_stm32f10x_hd.o(.text)
    TIM5_IRQHandler                          0x080003e3   Thumb Code     0  startup_stm32f10x_hd.o(.text)
    TIM6_IRQHandler                          0x080003e3   Thumb Code     0  startup_stm32f10x_hd.o(.text)
    TIM7_IRQHandler                          0x080003e3   Thumb Code     0  startup_stm32f10x_hd.o(.text)
    TIM8_BRK_IRQHandler                      0x080003e3   Thumb Code     0  startup_stm32f10x_hd.o(.text)
    TIM8_CC_IRQHandler                       0x080003e3   Thumb Code     0  startup_stm32f10x_hd.o(.text)
    TIM8_TRG_COM_IRQHandler                  0x080003e3   Thumb Code     0  startup_stm32f10x_hd.o(.text)
    TIM8_UP_IRQHandler                       0x080003e3   Thumb Code     0  startup_stm32f10x_hd.o(.text)
    UART4_IRQHandler                         0x080003e3   Thumb Code     0  startup_stm32f10x_hd.o(.text)
    UART5_IRQHandler                         0x080003e3   Thumb Code     0  startup_stm32f10x_hd.o(.text)
    USART2_IRQHandler                        0x080003e3   Thumb Code     0  startup_stm32f10x_hd.o(.text)
    USART3_IRQHandler                        0x080003e3   Thumb Code     0  startup_stm32f10x_hd.o(.text)
    USBWakeUp_IRQHandler                     0x080003e3   Thumb Code     0  startup_stm32f10x_hd.o(.text)
    USB_HP_CAN1_TX_IRQHandler                0x080003e3   Thumb Code     0  startup_stm32f10x_hd.o(.text)
    USB_LP_CAN1_RX0_IRQHandler               0x080003e3   Thumb Code     0  startup_stm32f10x_hd.o(.text)
    WWDG_IRQHandler                          0x080003e3   Thumb Code     0  startup_stm32f10x_hd.o(.text)
    NVIC_PriorityGroupConfig                 0x080003ed   Thumb Code    10  misc.o(.text)
    NVIC_Init                                0x080003f7   Thumb Code   100  misc.o(.text)
    NVIC_SetVectorTable                      0x0800045b   Thumb Code    14  misc.o(.text)
    NVIC_SystemLPConfig                      0x08000469   Thumb Code    34  misc.o(.text)
    SysTick_CLKSourceConfig                  0x0800048b   Thumb Code    40  misc.o(.text)
    GPIO_DeInit                              0x080004c9   Thumb Code   172  stm32f10x_gpio.o(.text)
    GPIO_AFIODeInit                          0x08000575   Thumb Code    20  stm32f10x_gpio.o(.text)
    GPIO_Init                                0x08000589   Thumb Code   278  stm32f10x_gpio.o(.text)
    GPIO_StructInit                          0x0800069f   Thumb Code    16  stm32f10x_gpio.o(.text)
    GPIO_ReadInputDataBit                    0x080006af   Thumb Code    18  stm32f10x_gpio.o(.text)
    GPIO_ReadInputData                       0x080006c1   Thumb Code     8  stm32f10x_gpio.o(.text)
    GPIO_ReadOutputDataBit                   0x080006c9   Thumb Code    18  stm32f10x_gpio.o(.text)
    GPIO_ReadOutputData                      0x080006db   Thumb Code     8  stm32f10x_gpio.o(.text)
    GPIO_SetBits                             0x080006e3   Thumb Code     4  stm32f10x_gpio.o(.text)
    GPIO_ResetBits                           0x080006e7   Thumb Code     4  stm32f10x_gpio.o(.text)
    GPIO_WriteBit                            0x080006eb   Thumb Code    10  stm32f10x_gpio.o(.text)
    GPIO_Write                               0x080006f5   Thumb Code     4  stm32f10x_gpio.o(.text)
    GPIO_PinLockConfig                       0x080006f9   Thumb Code    18  stm32f10x_gpio.o(.text)
    GPIO_EventOutputConfig                   0x0800070b   Thumb Code    26  stm32f10x_gpio.o(.text)
    GPIO_EventOutputCmd                      0x08000725   Thumb Code     6  stm32f10x_gpio.o(.text)
    GPIO_PinRemapConfig                      0x0800072b   Thumb Code   138  stm32f10x_gpio.o(.text)
    GPIO_EXTILineConfig                      0x080007b5   Thumb Code    66  stm32f10x_gpio.o(.text)
    GPIO_ETH_MediaInterfaceConfig            0x080007f7   Thumb Code     8  stm32f10x_gpio.o(.text)
    RCC_DeInit                               0x08000825   Thumb Code    64  stm32f10x_rcc.o(.text)
    RCC_HSEConfig                            0x08000865   Thumb Code    70  stm32f10x_rcc.o(.text)
    RCC_GetFlagStatus                        0x080008ab   Thumb Code    56  stm32f10x_rcc.o(.text)
    RCC_WaitForHSEStartUp                    0x080008e3   Thumb Code    56  stm32f10x_rcc.o(.text)
    RCC_AdjustHSICalibrationValue            0x0800091b   Thumb Code    20  stm32f10x_rcc.o(.text)
    RCC_HSICmd                               0x0800092f   Thumb Code     6  stm32f10x_rcc.o(.text)
    RCC_PLLConfig                            0x08000935   Thumb Code    24  stm32f10x_rcc.o(.text)
    RCC_PLLCmd                               0x0800094d   Thumb Code     6  stm32f10x_rcc.o(.text)
    RCC_SYSCLKConfig                         0x08000953   Thumb Code    18  stm32f10x_rcc.o(.text)
    RCC_GetSYSCLKSource                      0x08000965   Thumb Code    10  stm32f10x_rcc.o(.text)
    RCC_HCLKConfig                           0x0800096f   Thumb Code    18  stm32f10x_rcc.o(.text)
    RCC_PCLK1Config                          0x08000981   Thumb Code    18  stm32f10x_rcc.o(.text)
    RCC_PCLK2Config                          0x08000993   Thumb Code    20  stm32f10x_rcc.o(.text)
    RCC_ITConfig                             0x080009a7   Thumb Code    26  stm32f10x_rcc.o(.text)
    RCC_USBCLKConfig                         0x080009c1   Thumb Code     8  stm32f10x_rcc.o(.text)
    RCC_ADCCLKConfig                         0x080009c9   Thumb Code    18  stm32f10x_rcc.o(.text)
    RCC_LSEConfig                            0x080009db   Thumb Code    50  stm32f10x_rcc.o(.text)
    RCC_LSICmd                               0x08000a0d   Thumb Code     6  stm32f10x_rcc.o(.text)
    RCC_RTCCLKConfig                         0x08000a13   Thumb Code    12  stm32f10x_rcc.o(.text)
    RCC_RTCCLKCmd                            0x08000a1f   Thumb Code     8  stm32f10x_rcc.o(.text)
    RCC_GetClocksFreq                        0x08000a27   Thumb Code   192  stm32f10x_rcc.o(.text)
    RCC_AHBPeriphClockCmd                    0x08000ae7   Thumb Code    26  stm32f10x_rcc.o(.text)
    RCC_APB2PeriphClockCmd                   0x08000b01   Thumb Code    26  stm32f10x_rcc.o(.text)
    RCC_APB1PeriphClockCmd                   0x08000b1b   Thumb Code    26  stm32f10x_rcc.o(.text)
    RCC_APB2PeriphResetCmd                   0x08000b35   Thumb Code    26  stm32f10x_rcc.o(.text)
    RCC_APB1PeriphResetCmd                   0x08000b4f   Thumb Code    26  stm32f10x_rcc.o(.text)
    RCC_BackupResetCmd                       0x08000b69   Thumb Code     8  stm32f10x_rcc.o(.text)
    RCC_ClockSecuritySystemCmd               0x08000b71   Thumb Code     6  stm32f10x_rcc.o(.text)
    RCC_MCOConfig                            0x08000b77   Thumb Code     6  stm32f10x_rcc.o(.text)
    RCC_ClearFlag                            0x08000b7d   Thumb Code    14  stm32f10x_rcc.o(.text)
    RCC_GetITStatus                          0x08000b8b   Thumb Code    20  stm32f10x_rcc.o(.text)
    RCC_ClearITPendingBit                    0x08000b9f   Thumb Code     6  stm32f10x_rcc.o(.text)
    USART_DeInit                             0x08000bc9   Thumb Code   134  stm32f10x_usart.o(.text)
    USART_Init                               0x08000c4f   Thumb Code   210  stm32f10x_usart.o(.text)
    USART_StructInit                         0x08000d21   Thumb Code    24  stm32f10x_usart.o(.text)
    USART_ClockInit                          0x08000d39   Thumb Code    34  stm32f10x_usart.o(.text)
    USART_ClockStructInit                    0x08000d5b   Thumb Code    12  stm32f10x_usart.o(.text)
    USART_Cmd                                0x08000d67   Thumb Code    24  stm32f10x_usart.o(.text)
    USART_ITConfig                           0x08000d7f   Thumb Code    74  stm32f10x_usart.o(.text)
    USART_DMACmd                             0x08000dc9   Thumb Code    18  stm32f10x_usart.o(.text)
    USART_SetAddress                         0x08000ddb   Thumb Code    18  stm32f10x_usart.o(.text)
    USART_WakeUpConfig                       0x08000ded   Thumb Code    18  stm32f10x_usart.o(.text)
    USART_ReceiverWakeUpCmd                  0x08000dff   Thumb Code    24  stm32f10x_usart.o(.text)
    USART_LINBreakDetectLengthConfig         0x08000e17   Thumb Code    18  stm32f10x_usart.o(.text)
    USART_LINCmd                             0x08000e29   Thumb Code    24  stm32f10x_usart.o(.text)
    USART_SendData                           0x08000e41   Thumb Code     8  stm32f10x_usart.o(.text)
    USART_ReceiveData                        0x08000e49   Thumb Code    10  stm32f10x_usart.o(.text)
    USART_SendBreak                          0x08000e53   Thumb Code    10  stm32f10x_usart.o(.text)
    USART_SetGuardTime                       0x08000e5d   Thumb Code    16  stm32f10x_usart.o(.text)
    USART_SetPrescaler                       0x08000e6d   Thumb Code    16  stm32f10x_usart.o(.text)
    USART_SmartCardCmd                       0x08000e7d   Thumb Code    24  stm32f10x_usart.o(.text)
    USART_SmartCardNACKCmd                   0x08000e95   Thumb Code    24  stm32f10x_usart.o(.text)
    USART_HalfDuplexCmd                      0x08000ead   Thumb Code    24  stm32f10x_usart.o(.text)
    USART_OverSampling8Cmd                   0x08000ec5   Thumb Code    22  stm32f10x_usart.o(.text)
    USART_OneBitMethodCmd                    0x08000edb   Thumb Code    24  stm32f10x_usart.o(.text)
    USART_IrDAConfig                         0x08000ef3   Thumb Code    18  stm32f10x_usart.o(.text)
    USART_IrDACmd                            0x08000f05   Thumb Code    24  stm32f10x_usart.o(.text)
    USART_GetFlagStatus                      0x08000f1d   Thumb Code    26  stm32f10x_usart.o(.text)
    USART_ClearFlag                          0x08000f37   Thumb Code    18  stm32f10x_usart.o(.text)
    USART_GetITStatus                        0x08000f49   Thumb Code    84  stm32f10x_usart.o(.text)
    USART_ClearITPendingBit                  0x08000f9d   Thumb Code    52  stm32f10x_usart.o(.text)
    ADC_DeInit                               0x08000fd1   Thumb Code    78  stm32f10x_adc.o(.text)
    ADC_Init                                 0x0800101f   Thumb Code    70  stm32f10x_adc.o(.text)
    ADC_StructInit                           0x08001065   Thumb Code    18  stm32f10x_adc.o(.text)
    ADC_Cmd                                  0x08001077   Thumb Code    22  stm32f10x_adc.o(.text)
    ADC_DMACmd                               0x0800108d   Thumb Code    22  stm32f10x_adc.o(.text)
    ADC_ITConfig                             0x080010a3   Thumb Code    24  stm32f10x_adc.o(.text)
    ADC_ResetCalibration                     0x080010bb   Thumb Code    10  stm32f10x_adc.o(.text)
    ADC_GetResetCalibrationStatus            0x080010c5   Thumb Code    20  stm32f10x_adc.o(.text)
    ADC_StartCalibration                     0x080010d9   Thumb Code    10  stm32f10x_adc.o(.text)
    ADC_GetCalibrationStatus                 0x080010e3   Thumb Code    20  stm32f10x_adc.o(.text)
    ADC_SoftwareStartConvCmd                 0x080010f7   Thumb Code    22  stm32f10x_adc.o(.text)
    ADC_GetSoftwareStartConvStatus           0x0800110d   Thumb Code    20  stm32f10x_adc.o(.text)
    ADC_DiscModeChannelCountConfig           0x08001121   Thumb Code    24  stm32f10x_adc.o(.text)
    ADC_DiscModeCmd                          0x08001139   Thumb Code    22  stm32f10x_adc.o(.text)
    ADC_RegularChannelConfig                 0x0800114f   Thumb Code   184  stm32f10x_adc.o(.text)
    ADC_ExternalTrigConvCmd                  0x08001207   Thumb Code    22  stm32f10x_adc.o(.text)
    ADC_GetConversionValue                   0x0800121d   Thumb Code     8  stm32f10x_adc.o(.text)
    ADC_GetDualModeConversionValue           0x08001225   Thumb Code     8  stm32f10x_adc.o(.text)
    ADC_AutoInjectedConvCmd                  0x0800122d   Thumb Code    22  stm32f10x_adc.o(.text)
    ADC_InjectedDiscModeCmd                  0x08001243   Thumb Code    22  stm32f10x_adc.o(.text)
    ADC_ExternalTrigInjectedConvConfig       0x08001259   Thumb Code    16  stm32f10x_adc.o(.text)
    ADC_ExternalTrigInjectedConvCmd          0x08001269   Thumb Code    22  stm32f10x_adc.o(.text)
    ADC_SoftwareStartInjectedConvCmd         0x0800127f   Thumb Code    22  stm32f10x_adc.o(.text)
    ADC_GetSoftwareStartInjectedConvCmdStatus 0x08001295   Thumb Code    20  stm32f10x_adc.o(.text)
    ADC_InjectedChannelConfig                0x080012a9   Thumb Code   130  stm32f10x_adc.o(.text)
    ADC_InjectedSequencerLengthConfig        0x0800132b   Thumb Code    24  stm32f10x_adc.o(.text)
    ADC_SetInjectedOffset                    0x08001343   Thumb Code    20  stm32f10x_adc.o(.text)
    ADC_GetInjectedConversionValue           0x08001357   Thumb Code    28  stm32f10x_adc.o(.text)
    ADC_AnalogWatchdogCmd                    0x08001373   Thumb Code    16  stm32f10x_adc.o(.text)
    ADC_AnalogWatchdogThresholdsConfig       0x08001383   Thumb Code     6  stm32f10x_adc.o(.text)
    ADC_AnalogWatchdogSingleChannelConfig    0x08001389   Thumb Code    16  stm32f10x_adc.o(.text)
    ADC_TempSensorVrefintCmd                 0x08001399   Thumb Code    64  stm32f10x_adc.o(.text)
    ADC_GetFlagStatus                        0x080013d9   Thumb Code    18  stm32f10x_adc.o(.text)
    ADC_ClearFlag                            0x080013eb   Thumb Code     6  stm32f10x_adc.o(.text)
    ADC_GetITStatus                          0x080013f1   Thumb Code    36  stm32f10x_adc.o(.text)
    ADC_ClearITPendingBit                    0x08001415   Thumb Code    10  stm32f10x_adc.o(.text)
    TIM_DeInit                               0x08001421   Thumb Code   424  stm32f10x_tim.o(.text)
    TIM_TimeBaseInit                         0x080015c9   Thumb Code   122  stm32f10x_tim.o(.text)
    TIM_OC1Init                              0x08001643   Thumb Code   132  stm32f10x_tim.o(.text)
    TIM_OC2Init                              0x080016c7   Thumb Code   154  stm32f10x_tim.o(.text)
    TIM_OC3Init                              0x08001761   Thumb Code   150  stm32f10x_tim.o(.text)
    TIM_OC4Init                              0x080017f7   Thumb Code   182  stm32f10x_tim.o(.text)
    TIM_SetIC4Prescaler                      0x080018ad   Thumb Code    26  stm32f10x_tim.o(.text)
    TIM_SetIC3Prescaler                      0x08001949   Thumb Code    18  stm32f10x_tim.o(.text)
    TIM_SetIC2Prescaler                      0x080019d5   Thumb Code    26  stm32f10x_tim.o(.text)
    TIM_SetIC1Prescaler                      0x08001a71   Thumb Code    18  stm32f10x_tim.o(.text)
    TIM_ICInit                               0x08001aef   Thumb Code   150  stm32f10x_tim.o(.text)
    TIM_PWMIConfig                           0x08001b85   Thumb Code   124  stm32f10x_tim.o(.text)
    TIM_BDTRConfig                           0x08001c01   Thumb Code    32  stm32f10x_tim.o(.text)
    TIM_TimeBaseStructInit                   0x08001c21   Thumb Code    18  stm32f10x_tim.o(.text)
    TIM_OCStructInit                         0x08001c33   Thumb Code    20  stm32f10x_tim.o(.text)
    TIM_ICStructInit                         0x08001c47   Thumb Code    18  stm32f10x_tim.o(.text)
    TIM_BDTRStructInit                       0x08001c59   Thumb Code    40  stm32f10x_tim.o(.text)
    TIM_Cmd                                  0x08001c81   Thumb Code    24  stm32f10x_tim.o(.text)
    TIM_CtrlPWMOutputs                       0x08001c99   Thumb Code    30  stm32f10x_tim.o(.text)
    TIM_ITConfig                             0x08001cb7   Thumb Code    18  stm32f10x_tim.o(.text)
    TIM_GenerateEvent                        0x08001cc9   Thumb Code     4  stm32f10x_tim.o(.text)
    TIM_DMAConfig                            0x08001ccd   Thumb Code    10  stm32f10x_tim.o(.text)
    TIM_DMACmd                               0x08001cd7   Thumb Code    18  stm32f10x_tim.o(.text)
    TIM_InternalClockConfig                  0x08001ce9   Thumb Code    12  stm32f10x_tim.o(.text)
    TIM_SelectInputTrigger                   0x08001cf5   Thumb Code    18  stm32f10x_tim.o(.text)
    TIM_ITRxExternalClockConfig              0x08001d07   Thumb Code    24  stm32f10x_tim.o(.text)
    TIM_TIxExternalClockConfig               0x08001d1f   Thumb Code    62  stm32f10x_tim.o(.text)
    TIM_ETRConfig                            0x08001d5d   Thumb Code    28  stm32f10x_tim.o(.text)
    TIM_ETRClockMode1Config                  0x08001d79   Thumb Code    54  stm32f10x_tim.o(.text)
    TIM_ETRClockMode2Config                  0x08001daf   Thumb Code    32  stm32f10x_tim.o(.text)
    TIM_PrescalerConfig                      0x08001dcf   Thumb Code     6  stm32f10x_tim.o(.text)
    TIM_CounterModeConfig                    0x08001dd5   Thumb Code    18  stm32f10x_tim.o(.text)
    TIM_EncoderInterfaceConfig               0x08001de7   Thumb Code    66  stm32f10x_tim.o(.text)
    TIM_ForcedOC1Config                      0x08001e29   Thumb Code    18  stm32f10x_tim.o(.text)
    TIM_ForcedOC2Config                      0x08001e3b   Thumb Code    26  stm32f10x_tim.o(.text)
    TIM_ForcedOC3Config                      0x08001e55   Thumb Code    18  stm32f10x_tim.o(.text)
    TIM_ForcedOC4Config                      0x08001e67   Thumb Code    26  stm32f10x_tim.o(.text)
    TIM_ARRPreloadConfig                     0x08001e81   Thumb Code    24  stm32f10x_tim.o(.text)
    TIM_SelectCOM                            0x08001e99   Thumb Code    24  stm32f10x_tim.o(.text)
    TIM_SelectCCDMA                          0x08001eb1   Thumb Code    24  stm32f10x_tim.o(.text)
    TIM_CCPreloadControl                     0x08001ec9   Thumb Code    24  stm32f10x_tim.o(.text)
    TIM_OC1PreloadConfig                     0x08001ee1   Thumb Code    18  stm32f10x_tim.o(.text)
    TIM_OC2PreloadConfig                     0x08001ef3   Thumb Code    26  stm32f10x_tim.o(.text)
    TIM_OC3PreloadConfig                     0x08001f0d   Thumb Code    18  stm32f10x_tim.o(.text)
    TIM_OC4PreloadConfig                     0x08001f1f   Thumb Code    26  stm32f10x_tim.o(.text)
    TIM_OC1FastConfig                        0x08001f39   Thumb Code    18  stm32f10x_tim.o(.text)
    TIM_OC2FastConfig                        0x08001f4b   Thumb Code    26  stm32f10x_tim.o(.text)
    TIM_OC3FastConfig                        0x08001f65   Thumb Code    18  stm32f10x_tim.o(.text)
    TIM_OC4FastConfig                        0x08001f77   Thumb Code    26  stm32f10x_tim.o(.text)
    TIM_ClearOC1Ref                          0x08001f91   Thumb Code    18  stm32f10x_tim.o(.text)
    TIM_ClearOC2Ref                          0x08001fa3   Thumb Code    24  stm32f10x_tim.o(.text)
    TIM_ClearOC3Ref                          0x08001fbb   Thumb Code    18  stm32f10x_tim.o(.text)
    TIM_ClearOC4Ref                          0x08001fcd   Thumb Code    24  stm32f10x_tim.o(.text)
    TIM_OC1PolarityConfig                    0x08001fe5   Thumb Code    18  stm32f10x_tim.o(.text)
    TIM_OC1NPolarityConfig                   0x08001ff7   Thumb Code    18  stm32f10x_tim.o(.text)
    TIM_OC2PolarityConfig                    0x08002009   Thumb Code    26  stm32f10x_tim.o(.text)
    TIM_OC2NPolarityConfig                   0x08002023   Thumb Code    26  stm32f10x_tim.o(.text)
    TIM_OC3PolarityConfig                    0x0800203d   Thumb Code    26  stm32f10x_tim.o(.text)
    TIM_OC3NPolarityConfig                   0x08002057   Thumb Code    26  stm32f10x_tim.o(.text)
    TIM_OC4PolarityConfig                    0x08002071   Thumb Code    26  stm32f10x_tim.o(.text)
    TIM_CCxCmd                               0x0800208b   Thumb Code    30  stm32f10x_tim.o(.text)
    TIM_CCxNCmd                              0x080020a9   Thumb Code    30  stm32f10x_tim.o(.text)
    TIM_SelectOCxM                           0x080020c7   Thumb Code    82  stm32f10x_tim.o(.text)
    TIM_UpdateDisableConfig                  0x08002119   Thumb Code    24  stm32f10x_tim.o(.text)
    TIM_UpdateRequestConfig                  0x08002131   Thumb Code    24  stm32f10x_tim.o(.text)
    TIM_SelectHallSensor                     0x08002149   Thumb Code    24  stm32f10x_tim.o(.text)
    TIM_SelectOnePulseMode                   0x08002161   Thumb Code    18  stm32f10x_tim.o(.text)
    TIM_SelectOutputTrigger                  0x08002173   Thumb Code    18  stm32f10x_tim.o(.text)
    TIM_SelectSlaveMode                      0x08002185   Thumb Code    18  stm32f10x_tim.o(.text)
    TIM_SelectMasterSlaveMode                0x08002197   Thumb Code    18  stm32f10x_tim.o(.text)
    TIM_SetCounter                           0x080021a9   Thumb Code     4  stm32f10x_tim.o(.text)
    TIM_SetAutoreload                        0x080021ad   Thumb Code     4  stm32f10x_tim.o(.text)
    TIM_SetCompare1                          0x080021b1   Thumb Code     4  stm32f10x_tim.o(.text)
    TIM_SetCompare2                          0x080021b5   Thumb Code     4  stm32f10x_tim.o(.text)
    TIM_SetCompare3                          0x080021b9   Thumb Code     4  stm32f10x_tim.o(.text)
    TIM_SetCompare4                          0x080021bd   Thumb Code     6  stm32f10x_tim.o(.text)
    TIM_SetClockDivision                     0x080021c3   Thumb Code    18  stm32f10x_tim.o(.text)
    TIM_GetCapture1                          0x080021d5   Thumb Code     6  stm32f10x_tim.o(.text)
    TIM_GetCapture2                          0x080021db   Thumb Code     6  stm32f10x_tim.o(.text)
    TIM_GetCapture3                          0x080021e1   Thumb Code     6  stm32f10x_tim.o(.text)
    TIM_GetCapture4                          0x080021e7   Thumb Code     8  stm32f10x_tim.o(.text)
    TIM_GetCounter                           0x080021ef   Thumb Code     6  stm32f10x_tim.o(.text)
    TIM_GetPrescaler                         0x080021f5   Thumb Code     6  stm32f10x_tim.o(.text)
    TIM_GetFlagStatus                        0x080021fb   Thumb Code    18  stm32f10x_tim.o(.text)
    TIM_ClearFlag                            0x0800220d   Thumb Code     6  stm32f10x_tim.o(.text)
    TIM_GetITStatus                          0x08002213   Thumb Code    34  stm32f10x_tim.o(.text)
    TIM_ClearITPendingBit                    0x08002235   Thumb Code     6  stm32f10x_tim.o(.text)
    delay_init                               0x0800223d   Thumb Code    56  delay.o(.text)
    delay_us                                 0x08002275   Thumb Code    72  delay.o(.text)
    delay_ms                                 0x080022bd   Thumb Code    72  delay.o(.text)
    STM32_Flash_Capacity                     0x0800230d   Thumb Code   154  sys.o(.text)
    STM32_CPUID                              0x080023a7   Thumb Code    20  sys.o(.text)
    MY_NVIC_SetVectorTable                   0x080023bb   Thumb Code    14  sys.o(.text)
    MY_NVIC_PriorityGroup_Config             0x080023c9   Thumb Code    12  sys.o(.text)
    MY_NVIC_Init                             0x080023d5   Thumb Code    42  sys.o(.text)
    MY_RCC_DeInit                            0x080023ff   Thumb Code    90  sys.o(.text)
    SYS_Standby                              0x08002459   Thumb Code    68  sys.o(.text)
    SYS_SoftReset                            0x0800249d   Thumb Code    10  sys.o(.text)
    STM_JTAG_Set                             0x080024a7   Thumb Code    36  sys.o(.text)
    STM_Clock_Init                           0x080024cb   Thumb Code   134  sys.o(.text)
    BCD_to_HEX                               0x08002551   Thumb Code    26  sys.o(.text)
    HEX_to_BCD                               0x0800256b   Thumb Code    20  sys.o(.text)
    DX_to_HX                                 0x0800257f   Thumb Code    70  sys.o(.text)
    HX_to_DX                                 0x080025c5   Thumb Code    48  sys.o(.text)
    _sys_exit                                0x08002629   Thumb Code     4  usart.o(.text)
    fputc                                    0x0800262d   Thumb Code    24  usart.o(.text)
    uart_init                                0x08002645   Thumb Code   152  usart.o(.text)
    usartSendByte                            0x080026dd   Thumb Code    30  usart.o(.text)
    usartSendStr                             0x080026fb   Thumb Code    44  usart.o(.text)
    SendChar                                 0x08002727   Thumb Code    42  usart.o(.text)
    USART1_IRQHandler                        0x08002751   Thumb Code   122  usart.o(.text)
    main                                     0x080027dd   Thumb Code   468  main.o(.text)
    Copybuf2dis                              0x08002a19   Thumb Code   108  task_manage.o(.text)
    fre_buf_change                           0x08002a85   Thumb Code    62  task_manage.o(.text)
    Task3_SweepFre                           0x08002ac3   Thumb Code   830  task_manage.o(.text)
    Task0_PointFre                           0x08002e01   Thumb Code   324  task_manage.o(.text)
    Set_PointFre                             0x08002f45   Thumb Code   358  task_manage.o(.text)
    Task1_Square                             0x080030ab   Thumb Code     2  task_manage.o(.text)
    Task2_Triangular                         0x080030ad   Thumb Code     2  task_manage.o(.text)
    LED_Init                                 0x080030ed   Thumb Code    68  led.o(.text)
    LCD_GPIO_Init                            0x08003135   Thumb Code   110  lcd.o(.text)
    transfer_command                         0x080031a3   Thumb Code    68  lcd.o(.text)
    transfer_data                            0x080031e7   Thumb Code    70  lcd.o(.text)
    transfer_data1                           0x0800322d   Thumb Code    74  lcd.o(.text)
    initial_lcd                              0x08003277   Thumb Code   144  lcd.o(.text)
    lcd_address                              0x08003307   Thumb Code    44  lcd.o(.text)
    LCD_Refresh_Gram                         0x08003333   Thumb Code    60  lcd.o(.text)
    LCD_Clear                                0x0800336f   Thumb Code    54  lcd.o(.text)
    LCD_draw_Point                           0x080033a5   Thumb Code   104  lcd.o(.text)
    LCD_Fill                                 0x0800340d   Thumb Code    54  lcd.o(.text)
    LCD_draw_Square                          0x08003443   Thumb Code    76  lcd.o(.text)
    LCD_Move_DrawPoint                       0x0800348f   Thumb Code   100  lcd.o(.text)
    Set_Point                                0x080034f3   Thumb Code   182  lcd.o(.text)
    LCD_ShowChar                             0x080035a9   Thumb Code   158  lcd.o(.text)
    LCD_Show_chineseChar                     0x08003647   Thumb Code   130  lcd.o(.text)
    WriteA_Chinese                           0x080036c9   Thumb Code   106  lcd.o(.text)
    LCD_ShowString                           0x08003733   Thumb Code    68  lcd.o(.text)
    LCD_ShowString_12                        0x08003777   Thumb Code    68  lcd.o(.text)
    LCD_ShowAllString                        0x080037bb   Thumb Code    84  lcd.o(.text)
    Write_Chinese_String                     0x0800380f   Thumb Code   124  lcd.o(.text)
    LCD_Show_CEStr                           0x0800388b   Thumb Code    24  lcd.o(.text)
    LCD_Show_ModeCEStr                       0x080038a3   Thumb Code    26  lcd.o(.text)
    OLED_ShowString                          0x080038bd   Thumb Code    90  lcd.o(.text)
    swap_int                                 0x08003917   Thumb Code    26  lcd.o(.text)
    LCD_DrawLine                             0x08003931   Thumb Code   296  lcd.o(.text)
    LCD_DrawRectangle                        0x08003a59   Thumb Code    74  lcd.o(.text)
    draw_circle_8                            0x08003aa3   Thumb Code   132  lcd.o(.text)
    LCD_Drawcircle                           0x08003b27   Thumb Code   150  lcd.o(.text)
    key_init                                 0x08003bbd   Thumb Code   134  key.o(.text)
    Change_GPIOCode                          0x08003c43   Thumb Code    16  key.o(.text)
    KeyRead                                  0x08003c53   Thumb Code   266  key.o(.text)
    KEY_EXIT                                 0x08003d5d   Thumb Code    18  key.o(.text)
    Timerx_Init                              0x08003d95   Thumb Code    90  timer.o(.text)
    TIM4_IRQHandler                          0x08003def   Thumb Code   326  timer.o(.text)
    AD985x_reset_serial                      0x08003f7d   Thumb Code    52  ad985x.o(.text)
    AD985x_reset_parallel                    0x08003fb1   Thumb Code    28  ad985x.o(.text)
    AD985x_IO_Init                           0x08003fcd   Thumb Code    52  ad985x.o(.text)
    AD985x_Init                              0x08004001   Thumb Code    94  ad985x.o(.text)
    Convert_Freq                             0x0800405f   Thumb Code    68  ad985x.o(.text)
    AD985x_wr_parrel                         0x080040a3   Thumb Code   178  ad985x.o(.text)
    AD985x_wr_serial                         0x08004155   Thumb Code   260  ad985x.o(.text)
    AD985x_SetFre_Phase                      0x08004259   Thumb Code    54  ad985x.o(.text)
    Adc1_Init                                0x080042c9   Thumb Code   148  adc.o(.text)
    Adc2_Init                                0x0800435d   Thumb Code   148  adc.o(.text)
    adc_Init                                 0x080043f1   Thumb Code    12  adc.o(.text)
    Get_Adc1                                 0x080043fd   Thumb Code    32  adc.o(.text)
    Get_Adc2                                 0x0800441d   Thumb Code    32  adc.o(.text)
    u32_to_str                               0x08004449   Thumb Code    18  data_conversion.o(.text)
    usartstr_u                               0x0800445b   Thumb Code    32  data_conversion.o(.text)
    usartstr_x                               0x0800447b   Thumb Code    32  data_conversion.o(.text)
    usartstr_f                               0x0800449b   Thumb Code    42  data_conversion.o(.text)
    float_to_string                          0x080044c5   Thumb Code    32  data_conversion.o(.text)
    screen_text_sendvalue                    0x080045b5   Thumb Code   174  ping.o(.text)
    screen_text_getvalue                     0x08004663   Thumb Code   158  ping.o(.text)
    screenShowDataFromFloat                  0x08004701   Thumb Code   240  ping.o(.text)
    strlen                                   0x08004809   Thumb Code    14  strlen.o(.text)
    atol                                     0x08004817   Thumb Code    26  atol.o(.text)
    __aeabi_dmul                             0x08004831   Thumb Code   228  dmul.o(.text)
    __aeabi_ui2f                             0x08004915   Thumb Code    10  ffltui.o(.text)
    __aeabi_ui2d                             0x0800491f   Thumb Code    26  dfltui.o(.text)
    __aeabi_d2uiz                            0x08004939   Thumb Code    50  dfixui.o(.text)
    __aeabi_f2d                              0x0800496b   Thumb Code    38  f2d.o(.text)
    __aeabi_d2f                              0x08004991   Thumb Code    56  d2f.o(.text)
    __aeabi_uidiv                            0x080049c9   Thumb Code     0  uidiv.o(.text)
    __aeabi_uidivmod                         0x080049c9   Thumb Code    44  uidiv.o(.text)
    __aeabi_uldivmod                         0x080049f5   Thumb Code    98  uldiv.o(.text)
    __aeabi_llsr                             0x08004a57   Thumb Code    32  llushr.o(.text)
    _ll_ushift_r                             0x08004a57   Thumb Code     0  llushr.o(.text)
    strtol                                   0x08004a77   Thumb Code   112  strtol.o(.text)
    __I$use$fp                               0x08004ae7   Thumb Code     0  iusefp.o(.text)
    _float_round                             0x08004ae7   Thumb Code    18  fepilogue.o(.text)
    _float_epilogue                          0x08004af9   Thumb Code    92  fepilogue.o(.text)
    _double_round                            0x08004b55   Thumb Code    30  depilogue.o(.text)
    _double_epilogue                         0x08004b73   Thumb Code   156  depilogue.o(.text)
    __aeabi_dadd                             0x08004c0f   Thumb Code   322  dadd.o(.text)
    __aeabi_dsub                             0x08004d51   Thumb Code     6  dadd.o(.text)
    __aeabi_drsub                            0x08004d57   Thumb Code     6  dadd.o(.text)
    __aeabi_ddiv                             0x08004d5d   Thumb Code   222  ddiv.o(.text)
    __aeabi_d2ulz                            0x08004e3b   Thumb Code    48  dfixul.o(.text)
    __aeabi_cdrcmple                         0x08004e6d   Thumb Code    48  cdrcmple.o(.text)
    __scatterload                            0x08004e9d   Thumb Code    28  init.o(.text)
    __scatterload_rt2                        0x08004e9d   Thumb Code     0  init.o(.text)
    __aeabi_llsl                             0x08004ec1   Thumb Code    30  llshl.o(.text)
    _ll_shift_l                              0x08004ec1   Thumb Code     0  llshl.o(.text)
    __aeabi_lasr                             0x08004edf   Thumb Code    36  llsshr.o(.text)
    _ll_sshift_r                             0x08004edf   Thumb Code     0  llsshr.o(.text)
    __rt_ctype_table                         0x08004f05   Thumb Code     4  ctype_o.o(.text)
    _strtoul                                 0x08004f0d   Thumb Code   158  _strtoul.o(.text)
    _chval                                   0x08004fab   Thumb Code    28  _chval.o(.text)
    __decompress                             0x08004fc7   Thumb Code     0  __dczerorl2.o(.text)
    __decompress1                            0x08004fc7   Thumb Code    86  __dczerorl2.o(.text)
    __0printf                                0x0800501d   Thumb Code    22  printfa.o(i.__0printf)
    __1printf                                0x0800501d   Thumb Code     0  printfa.o(i.__0printf)
    __2printf                                0x0800501d   Thumb Code     0  printfa.o(i.__0printf)
    __c89printf                              0x0800501d   Thumb Code     0  printfa.o(i.__0printf)
    printf                                   0x0800501d   Thumb Code     0  printfa.o(i.__0printf)
    __0sprintf                               0x0800503d   Thumb Code    34  printfa.o(i.__0sprintf)
    __1sprintf                               0x0800503d   Thumb Code     0  printfa.o(i.__0sprintf)
    __2sprintf                               0x0800503d   Thumb Code     0  printfa.o(i.__0sprintf)
    __c89sprintf                             0x0800503d   Thumb Code     0  printfa.o(i.__0sprintf)
    sprintf                                  0x0800503d   Thumb Code     0  printfa.o(i.__0sprintf)
    __aeabi_errno_addr                       0x08005065   Thumb Code     4  errno.o(i.__aeabi_errno_addr)
    __rt_errno_addr                          0x08005065   Thumb Code     0  errno.o(i.__aeabi_errno_addr)
    __scatterload_copy                       0x0800506d   Thumb Code    14  handlers.o(i.__scatterload_copy)
    __scatterload_null                       0x0800507b   Thumb Code     2  handlers.o(i.__scatterload_null)
    __scatterload_zeroinit                   0x0800507d   Thumb Code    14  handlers.o(i.__scatterload_zeroinit)
    asc2_1206                                0x08005948   Data        1140  lcd.o(.constdata)
    asc2_1608                                0x08005dbc   Data        1520  lcd.o(.constdata)
    text_get_data_frame_head                 0x080063ac   Data           3  ping.o(.constdata)
    text_frame_head                          0x080063af   Data           3  ping.o(.constdata)
    text_float_frame_head                    0x080063b2   Data           3  ping.o(.constdata)
    com_frame_end                            0x080063b5   Data           4  ping.o(.constdata)
    __ctype_table                            0x080063b9   Data         129  ctype_o.o(.constdata)
    Region$$Table$$Base                      0x08006440   Number         0  anon$$obj.o(Region$$Table)
    Region$$Table$$Limit                     0x08006460   Number         0  anon$$obj.o(Region$$Table)
    sysbufer                                 0x20000000   Data           2  stm32f10x_it.o(.data)
    SysTimer                                 0x20000004   Data           4  stm32f10x_it.o(.data)
    SystemCoreClock                          0x20000008   Data           4  system_stm32f10x.o(.data)
    AHBPrescTable                            0x2000000c   Data          16  system_stm32f10x.o(.data)
    __stdout                                 0x20000034   Data           4  usart.o(.data)
    USART_RX_STA                             0x20000038   Data           2  usart.o(.data)
    displayFlag                              0x2000003c   Data           1  main.o(.data)
    isStarted                                0x2000003d   Data           1  main.o(.data)
    lastNowFre                               0x20000040   Data           4  main.o(.data)
    Task_Index                               0x20000044   Data           1  task_manage.o(.data)
    Param_Mode                               0x20000045   Data           1  task_manage.o(.data)
    P_Index                                  0x20000046   Data           1  task_manage.o(.data)
    Task_First                               0x20000047   Data           1  task_manage.o(.data)
    _return                                  0x20000048   Data           1  task_manage.o(.data)
    SweepMinFre                              0x2000004c   Data           4  task_manage.o(.data)
    SweepMaxFre                              0x20000050   Data           4  task_manage.o(.data)
    SweepStepFre                             0x20000054   Data           4  task_manage.o(.data)
    SweepTime                                0x20000058   Data           2  task_manage.o(.data)
    SweepFlag                                0x2000005a   Data           1  task_manage.o(.data)
    Sinfre                                   0x2000005c   Data           4  task_manage.o(.data)
    GB_16                                    0x20000064   Data        2108  lcd.o(.data)
    num                                      0x200008a0   Data         204  lcd.o(.data)
    KEY_Sys_Timer                            0x20000970   Data           4  key.o(.data)
    Keycode                                  0x20000974   Data           4  key.o(.data)
    SystemTime                               0x20000978   Data           4  key.o(.data)
    KEY_Time                                 0x2000097c   Data           4  key.o(.data)
    key_Trgtime                              0x20000980   Data           4  key.o(.data)
    KEY_Trg                                  0x20000984   Data           4  key.o(.data)
    KEY_Cont                                 0x20000988   Data           4  key.o(.data)
    Trg_state                                0x2000098c   Data           4  key.o(.data)
    count                                    0x20000990   Data           4  timer.o(.data)
    count1                                   0x20000994   Data           4  timer.o(.data)
    NowFre                                   0x20000998   Data           4  timer.o(.data)
    AD985x_FD                                0x2000099c   Data           1  ad985x.o(.data)
    AD985x                                   0x2000099d   Data           1  ad985x.o(.data)
    LOAD_MODE                                0x2000099e   Data           1  ad985x.o(.data)
    screenShowfloatSetBuf                    0x2000099f   Data           2  ping.o(.data)
    maxFreq                                  0x200009a4   Data           4  vol_collect.o(.data)
    minFreq                                  0x200009a8   Data           4  vol_collect.o(.data)
    maxnowfre                                0x200009ac   Data           4  vol_collect.o(.data)
    resonantFreq                             0x200009b0   Data           4  vol_collect.o(.data)
    chongzhi                                 0x200009b4   Data           1  vol_collect.o(.data)
    temp1                                    0x200009b8   Data           4  vol_collect.o(.data)
    temp2                                    0x200009bc   Data           4  vol_collect.o(.data)
    temp3                                    0x200009c0   Data           4  vol_collect.o(.data)
    temp4                                    0x200009c4   Data           4  vol_collect.o(.data)
    USART_RX_BUF                             0x200009cc   Data         200  usart.o(.bss)
    fre_buf                                  0x20000a94   Data          10  task_manage.o(.bss)
    display                                  0x20000a9e   Data          10  task_manage.o(.bss)
    LCD_GRAM                                 0x20000aa8   Data        1024  lcd.o(.bss)
    __initial_sp                             0x200012a8   Data           0  startup_stm32f10x_hd.o(STACK)



==============================================================================

Memory Map of the image

  Image Entry point : 0x08000131

  Load Region LR_IROM1 (Base: 0x08000000, Size: 0x00006e2c, Max: 0x00040000, ABSOLUTE, COMPRESSED[0x00006c58])

    Execution Region ER_IROM1 (Exec base: 0x08000000, Load base: 0x08000000, Size: 0x00006460, Max: 0x00040000, ABSOLUTE)

    Exec Addr    Load Addr    Size         Type   Attr      Idx    E Section Name        Object

    0x08000000   0x08000000   0x00000130   Data   RO          149    RESET               startup_stm32f10x_hd.o
    0x08000130   0x08000130   0x00000000   Code   RO          767  * .ARM.Collect$$$$00000000  mc_w.l(entry.o)
    0x08000130   0x08000130   0x00000004   Code   RO         1047    .ARM.Collect$$$$00000001  mc_w.l(entry2.o)
    0x08000134   0x08000134   0x00000004   Code   RO         1050    .ARM.Collect$$$$00000004  mc_w.l(entry5.o)
    0x08000138   0x08000138   0x00000000   Code   RO         1052    .ARM.Collect$$$$00000008  mc_w.l(entry7b.o)
    0x08000138   0x08000138   0x00000000   Code   RO         1054    .ARM.Collect$$$$0000000A  mc_w.l(entry8b.o)
    0x08000138   0x08000138   0x00000008   Code   RO         1055    .ARM.Collect$$$$0000000B  mc_w.l(entry9a.o)
    0x08000140   0x08000140   0x00000000   Code   RO         1057    .ARM.Collect$$$$0000000D  mc_w.l(entry10a.o)
    0x08000140   0x08000140   0x00000000   Code   RO         1059    .ARM.Collect$$$$0000000F  mc_w.l(entry11a.o)
    0x08000140   0x08000140   0x00000004   Code   RO         1048    .ARM.Collect$$$$00002712  mc_w.l(entry2.o)
    0x08000144   0x08000144   0x00000002   Code   RO          455    .emb_text           sys.o
    0x08000146   0x08000146   0x00000002   PAD
    0x08000148   0x08000148   0x000000a0   Code   RO           17    .text               stm32f10x_it.o
    0x080001e8   0x080001e8   0x000001e0   Code   RO          129    .text               system_stm32f10x.o
    0x080003c8   0x080003c8   0x00000024   Code   RO          150    .text               startup_stm32f10x_hd.o
    0x080003ec   0x080003ec   0x000000dc   Code   RO          154    .text               misc.o
    0x080004c8   0x080004c8   0x0000035c   Code   RO          193    .text               stm32f10x_gpio.o
    0x08000824   0x08000824   0x000003a4   Code   RO          205    .text               stm32f10x_rcc.o
    0x08000bc8   0x08000bc8   0x00000408   Code   RO          219    .text               stm32f10x_usart.o
    0x08000fd0   0x08000fd0   0x0000044e   Code   RO          231    .text               stm32f10x_adc.o
    0x0800141e   0x0800141e   0x00000002   PAD
    0x08001420   0x08001420   0x00000e1a   Code   RO          417    .text               stm32f10x_tim.o
    0x0800223a   0x0800223a   0x00000002   PAD
    0x0800223c   0x0800223c   0x000000d0   Code   RO          441    .text               delay.o
    0x0800230c   0x0800230c   0x0000031c   Code   RO          456    .text               sys.o
    0x08002628   0x08002628   0x000001b4   Code   RO          471    .text               usart.o
    0x080027dc   0x080027dc   0x0000023c   Code   RO          494    .text               main.o
    0x08002a18   0x08002a18   0x000006d4   Code   RO          543    .text               task_manage.o
    0x080030ec   0x080030ec   0x00000048   Code   RO          568    .text               led.o
    0x08003134   0x08003134   0x00000a88   Code   RO          580    .text               lcd.o
    0x08003bbc   0x08003bbc   0x000001d8   Code   RO          601    .text               key.o
    0x08003d94   0x08003d94   0x000001e8   Code   RO          623    .text               timer.o
    0x08003f7c   0x08003f7c   0x0000034c   Code   RO          646    .text               ad985x.o
    0x080042c8   0x080042c8   0x00000180   Code   RO          664    .text               adc.o
    0x08004448   0x08004448   0x000000ac   Code   RO          712    .text               data_conversion.o
    0x080044f4   0x080044f4   0x00000314   Code   RO          727    .text               ping.o
    0x08004808   0x08004808   0x0000000e   Code   RO          770    .text               mc_w.l(strlen.o)
    0x08004816   0x08004816   0x0000001a   Code   RO         1033    .text               mc_w.l(atol.o)
    0x08004830   0x08004830   0x000000e4   Code   RO         1035    .text               mf_w.l(dmul.o)
    0x08004914   0x08004914   0x0000000a   Code   RO         1037    .text               mf_w.l(ffltui.o)
    0x0800491e   0x0800491e   0x0000001a   Code   RO         1039    .text               mf_w.l(dfltui.o)
    0x08004938   0x08004938   0x00000032   Code   RO         1041    .text               mf_w.l(dfixui.o)
    0x0800496a   0x0800496a   0x00000026   Code   RO         1043    .text               mf_w.l(f2d.o)
    0x08004990   0x08004990   0x00000038   Code   RO         1045    .text               mf_w.l(d2f.o)
    0x080049c8   0x080049c8   0x0000002c   Code   RO         1061    .text               mc_w.l(uidiv.o)
    0x080049f4   0x080049f4   0x00000062   Code   RO         1063    .text               mc_w.l(uldiv.o)
    0x08004a56   0x08004a56   0x00000020   Code   RO         1065    .text               mc_w.l(llushr.o)
    0x08004a76   0x08004a76   0x00000070   Code   RO         1074    .text               mc_w.l(strtol.o)
    0x08004ae6   0x08004ae6   0x00000000   Code   RO         1076    .text               mc_w.l(iusefp.o)
    0x08004ae6   0x08004ae6   0x0000006e   Code   RO         1077    .text               mf_w.l(fepilogue.o)
    0x08004b54   0x08004b54   0x000000ba   Code   RO         1079    .text               mf_w.l(depilogue.o)
    0x08004c0e   0x08004c0e   0x0000014e   Code   RO         1081    .text               mf_w.l(dadd.o)
    0x08004d5c   0x08004d5c   0x000000de   Code   RO         1083    .text               mf_w.l(ddiv.o)
    0x08004e3a   0x08004e3a   0x00000030   Code   RO         1085    .text               mf_w.l(dfixul.o)
    0x08004e6a   0x08004e6a   0x00000002   PAD
    0x08004e6c   0x08004e6c   0x00000030   Code   RO         1087    .text               mf_w.l(cdrcmple.o)
    0x08004e9c   0x08004e9c   0x00000024   Code   RO         1089    .text               mc_w.l(init.o)
    0x08004ec0   0x08004ec0   0x0000001e   Code   RO         1091    .text               mc_w.l(llshl.o)
    0x08004ede   0x08004ede   0x00000024   Code   RO         1093    .text               mc_w.l(llsshr.o)
    0x08004f02   0x08004f02   0x00000002   PAD
    0x08004f04   0x08004f04   0x00000008   Code   RO         1095    .text               mc_w.l(ctype_o.o)
    0x08004f0c   0x08004f0c   0x0000009e   Code   RO         1123    .text               mc_w.l(_strtoul.o)
    0x08004faa   0x08004faa   0x0000001c   Code   RO         1125    .text               mc_w.l(_chval.o)
    0x08004fc6   0x08004fc6   0x00000056   Code   RO         1135    .text               mc_w.l(__dczerorl2.o)
    0x0800501c   0x0800501c   0x00000020   Code   RO         1005    i.__0printf         mc_w.l(printfa.o)
    0x0800503c   0x0800503c   0x00000028   Code   RO         1007    i.__0sprintf        mc_w.l(printfa.o)
    0x08005064   0x08005064   0x00000008   Code   RO         1067    i.__aeabi_errno_addr  mc_w.l(errno.o)
    0x0800506c   0x0800506c   0x0000000e   Code   RO         1129    i.__scatterload_copy  mc_w.l(handlers.o)
    0x0800507a   0x0800507a   0x00000002   Code   RO         1130    i.__scatterload_null  mc_w.l(handlers.o)
    0x0800507c   0x0800507c   0x0000000e   Code   RO         1131    i.__scatterload_zeroinit  mc_w.l(handlers.o)
    0x0800508a   0x0800508a   0x00000002   PAD
    0x0800508c   0x0800508c   0x00000184   Code   RO         1012    i._fp_digits        mc_w.l(printfa.o)
    0x08005210   0x08005210   0x000006dc   Code   RO         1013    i._printf_core      mc_w.l(printfa.o)
    0x080058ec   0x080058ec   0x00000024   Code   RO         1014    i._printf_post_padding  mc_w.l(printfa.o)
    0x08005910   0x08005910   0x0000002e   Code   RO         1015    i._printf_pre_padding  mc_w.l(printfa.o)
    0x0800593e   0x0800593e   0x0000000a   Code   RO         1017    i._sputc            mc_w.l(printfa.o)
    0x08005948   0x08005948   0x00000a64   Data   RO          582    .constdata          lcd.o
    0x080063ac   0x080063ac   0x0000000d   Data   RO          728    .constdata          ping.o
    0x080063b9   0x080063b9   0x00000081   Data   RO         1096    .constdata          mc_w.l(ctype_o.o)
    0x0800643a   0x0800643a   0x00000002   PAD
    0x0800643c   0x0800643c   0x00000004   Data   RO         1097    .constdata          mc_w.l(ctype_o.o)
    0x08006440   0x08006440   0x00000020   Data   RO         1127    Region$$Table       anon$$obj.o


    Execution Region RW_IRAM1 (Exec base: 0x20000000, Load base: 0x08006460, Size: 0x000012a8, Max: 0x0000c000, ABSOLUTE, COMPRESSED[0x000007f8])

    Exec Addr    Load Addr    Size         Type   Attr      Idx    E Section Name        Object

    0x20000000   COMPRESSED   0x00000008   Data   RW           18    .data               stm32f10x_it.o
    0x20000008   COMPRESSED   0x00000014   Data   RW          130    .data               system_stm32f10x.o
    0x2000001c   COMPRESSED   0x00000014   Data   RW          206    .data               stm32f10x_rcc.o
    0x20000030   COMPRESSED   0x00000004   Data   RW          442    .data               delay.o
    0x20000034   COMPRESSED   0x00000006   Data   RW          473    .data               usart.o
    0x2000003a   COMPRESSED   0x00000002   PAD
    0x2000003c   COMPRESSED   0x00000008   Data   RW          496    .data               main.o
    0x20000044   COMPRESSED   0x00000020   Data   RW          545    .data               task_manage.o
    0x20000064   COMPRESSED   0x0000090c   Data   RW          583    .data               lcd.o
    0x20000970   COMPRESSED   0x00000020   Data   RW          602    .data               key.o
    0x20000990   COMPRESSED   0x0000000c   Data   RW          624    .data               timer.o
    0x2000099c   COMPRESSED   0x00000003   Data   RW          647    .data               ad985x.o
    0x2000099f   COMPRESSED   0x00000002   Data   RW          729    .data               ping.o
    0x200009a1   COMPRESSED   0x00000003   PAD
    0x200009a4   COMPRESSED   0x00000024   Data   RW          747    .data               vol_collect.o
    0x200009c8   COMPRESSED   0x00000004   Data   RW         1070    .data               mc_w.l(errno.o)
    0x200009cc        -       0x000000c8   Zero   RW          472    .bss                usart.o
    0x20000a94        -       0x00000014   Zero   RW          544    .bss                task_manage.o
    0x20000aa8        -       0x00000400   Zero   RW          581    .bss                lcd.o
    0x20000ea8        -       0x00000400   Zero   RW          147    STACK               startup_stm32f10x_hd.o


==============================================================================

Image component sizes


      Code (inc. data)   RO Data    RW Data    ZI Data      Debug   Object Name

       844         58          0          3          0       2731   ad985x.o
       384         12          0          0          0       1253   adc.o
         0          0          0          0          0       4540   core_cm3.o
       172         16          0          0          0       1330   data_conversion.o
       208          8          0          4          0        983   delay.o
       472         38          0         32          0       1743   key.o
      2696         64       2660       2316       1024      11319   lcd.o
        72          4          0          0          0        467   led.o
       572        104          0          8          0       1854   main.o
       220         22          0          0          0       1737   misc.o
       788         54         13          2          0       4854   ping.o
        36          8        304          0       1024        780   startup_stm32f10x_hd.o
      1102         26          0          0          0      10973   stm32f10x_adc.o
       860         38          0          0          0       5665   stm32f10x_gpio.o
       160         54          0          8          0     258774   stm32f10x_it.o
       932         36          0         20          0       8808   stm32f10x_rcc.o
      3610         88          0          0          0      22776   stm32f10x_tim.o
      1032         22          0          0          0       8392   stm32f10x_usart.o
       798         52          0          0          0       3640   sys.o
       480         38          0         20          0       1719   system_stm32f10x.o
      1748        182          0         32         20       3957   task_manage.o
       488         72          0         12          0       1352   timer.o
       436         18          0          6        200       3762   usart.o
         0          0          0         36          0        458   vol_collect.o

    ----------------------------------------------------------------------
     18116       1014       3009       2504       2268     363867   Object Totals
         0          0         32          0          0          0   (incl. Generated)
         6          0          0          5          0          0   (incl. Padding)

    ----------------------------------------------------------------------

      Code (inc. data)   RO Data    RW Data    ZI Data      Debug   Library Member Name

        86          0          0          0          0          0   __dczerorl2.o
        28          0          0          0          0         68   _chval.o
       158          0          0          0          0         92   _strtoul.o
        26          0          0          0          0         80   atol.o
         8          4        133          0          0         68   ctype_o.o
         0          0          0          0          0          0   entry.o
         0          0          0          0          0          0   entry10a.o
         0          0          0          0          0          0   entry11a.o
         8          4          0          0          0          0   entry2.o
         4          0          0          0          0          0   entry5.o
         0          0          0          0          0          0   entry7b.o
         0          0          0          0          0          0   entry8b.o
         8          4          0          0          0          0   entry9a.o
         8          4          0          4          0         68   errno.o
        30          0          0          0          0          0   handlers.o
        36          8          0          0          0         68   init.o
         0          0          0          0          0          0   iusefp.o
        30          0          0          0          0         68   llshl.o
        36          0          0          0          0         68   llsshr.o
        32          0          0          0          0         68   llushr.o
      2308         96          0          0          0        604   printfa.o
        14          0          0          0          0         68   strlen.o
       112          0          0          0          0         88   strtol.o
        44          0          0          0          0         80   uidiv.o
        98          0          0          0          0         92   uldiv.o
        48          0          0          0          0         68   cdrcmple.o
        56          0          0          0          0         88   d2f.o
       334          0          0          0          0        148   dadd.o
       222          0          0          0          0        100   ddiv.o
       186          0          0          0          0        176   depilogue.o
        50          0          0          0          0         76   dfixui.o
        48          0          0          0          0         68   dfixul.o
        26          0          0          0          0         76   dfltui.o
       228          0          0          0          0         96   dmul.o
        38          0          0          0          0         68   f2d.o
       110          0          0          0          0        168   fepilogue.o
        10          0          0          0          0         68   ffltui.o

    ----------------------------------------------------------------------
      4436        120        135          4          0       2780   Library Totals
         6          0          2          0          0          0   (incl. Padding)

    ----------------------------------------------------------------------

      Code (inc. data)   RO Data    RW Data    ZI Data      Debug   Library Name

      3074        120        133          4          0       1580   mc_w.l
      1356          0          0          0          0       1200   mf_w.l

    ----------------------------------------------------------------------
      4436        120        135          4          0       2780   Library Totals

    ----------------------------------------------------------------------

==============================================================================


      Code (inc. data)   RO Data    RW Data    ZI Data      Debug   

     22552       1134       3144       2508       2268     363395   Grand Totals
     22552       1134       3144       2040       2268     363395   ELF Image Totals (compressed)
     22552       1134       3144       2040          0          0   ROM Totals

==============================================================================

    Total RO  Size (Code + RO Data)                25696 (  25.09kB)
    Total RW  Size (RW Data + ZI Data)              4776 (   4.66kB)
    Total ROM Size (Code + RO Data + RW Data)      27736 (  27.09kB)

==============================================================================

